usbh_ctlreq.c:523:21:USBH_GetNextDesc	0	static
usbh_ctlreq.c:545:20:USBH_CtlReq	24	static
usbh_ctlreq.c:188:20:USBH_GetDescriptor	8	static
usbh_ctlreq.c:103:20:USBH_Get_DevDesc	24	static
usbh_ctlreq.c:130:20:USBH_Get_CfgDesc	40	static
usbh_ctlreq.c:158:20:USBH_Get_StringDesc	32	static
usbh_ctlreq.c:222:20:USBH_SetAddress	0	static
usbh_ctlreq.c:248:20:USBH_SetCfg	0	static
usbh_ctlreq.c:272:20:USBH_SetInterface	0	static
usbh_ctlreq.c:297:20:USBH_SetFeature	0	static
usbh_ctlreq.c:322:20:USBH_ClrFeature	0	static
