dsp.h:106:11:get_intensity	8	static
dsp.h:125:6:calculate_mean	8	static
dsp.h:112:6:perform_fft	24	static
dsp.h:134:6:calculate_magnitudes	2064	static
dsp.h:141:11:get_frequency	0	static
dsp.h:150:6:init_filter	16	static
dsp.h:159:6:fir_filter	4112	static
dsp.h:171:6:linear_filter	12	static
files.h:98:10:reverse_bytes	0	static
files.h:103:9:get_byte	0	static
files.h:108:6:create_header	80	static
files.h:149:6:create_file	8	static
files.h:157:6:write_header	16	static
files.h:170:6:write_data	16	static
files.h:183:6:write_little_endian_data	8208	static
files.h:193:6:close_file	8	static
files.h:198:6:read_file	8	static
files.h:208:6:write_str	16	static
files.h:220:6:write_array	32	static
files.h:241:6:read_buffer	16	static
files.h:254:6:generate_title	32	static
main.c:349:6:SystemClock_Config	112	static
main.c:397:6:HAL_GPIO_EXTI_Callback	16	static
main.c:427:6:HAL_TIM_PeriodElapsedCallback	8	static
main.c:446:6:HAL_ADC_ConvHalfCpltCallback	0	static
main.c:454:6:HAL_ADC_ConvCpltCallback	0	static
main.c:463:6:write_buffer	24	static
main.c:137:5:main	8680	static
main.c:490:6:Error_Handler	0	static
main.c:506:6:assert_failed	0	static
