stm32f4xx_hal_hcd.c:201:19:HAL_HCD_HC_Init	48	static
stm32f4xx_hal_hcd.c:249:19:HAL_HCD_HC_Halt	8	static
stm32f4xx_hal_hcd.c:300:14:HAL_HCD_MspInit	0	static
stm32f4xx_hal_hcd.c:111:19:HAL_HCD_Init	64	static
stm32f4xx_hal_hcd.c:315:14:HAL_HCD_MspDeInit	0	static
stm32f4xx_hal_hcd.c:265:19:HAL_HCD_DeInit	8	static
stm32f4xx_hal_hcd.c:367:19:HAL_HCD_HC_SubmitRequest	16	static
stm32f4xx_hal_hcd.c:608:6:HAL_HCD_WKUP_IRQHandler	0	static
stm32f4xx_hal_hcd.c:619:13:HAL_HCD_SOF_Callback	0	static
stm32f4xx_hal_hcd.c:634:13:HAL_HCD_Connect_Callback	0	static
stm32f4xx_hal_hcd.c:649:13:HAL_HCD_Disconnect_Callback	0	static
stm32f4xx_hal_hcd.c:664:13:HAL_HCD_PortEnabled_Callback	0	static
stm32f4xx_hal_hcd.c:679:13:HAL_HCD_PortDisabled_Callback	0	static
stm32f4xx_hal_hcd.c:704:13:HAL_HCD_HC_NotifyURBChange_Callback	0	static
stm32f4xx_hal_hcd.c:494:6:HAL_HCD_IRQHandler	56	static
stm32f4xx_hal_hcd.c:1019:19:HAL_HCD_Start	16	static
stm32f4xx_hal_hcd.c:1035:19:HAL_HCD_Stop	8	static
stm32f4xx_hal_hcd.c:1049:19:HAL_HCD_ResetPort	0	static
stm32f4xx_hal_hcd.c:1078:18:HAL_HCD_GetState	0	static
stm32f4xx_hal_hcd.c:1097:21:HAL_HCD_HC_GetURBState	0	static
stm32f4xx_hal_hcd.c:1110:10:HAL_HCD_HC_GetXferCount	0	static
stm32f4xx_hal_hcd.c:1132:21:HAL_HCD_HC_GetState	0	static
stm32f4xx_hal_hcd.c:1142:10:HAL_HCD_GetCurrentFrame	0	static
stm32f4xx_hal_hcd.c:1152:10:HAL_HCD_GetCurrentSpeed	0	static
