files.h:104:10:reverse_bytes	16	static
files.h:109:9:get_byte	16	static
files.h:114:6:create_header	96	static
files.h:155:6:create_file	16	static
files.h:163:6:write_header	24	static
files.h:176:6:write_data	32	static
files.h:189:6:write_little_endian_data	8232	static
files.h:199:6:close_file	16	static
files.h:204:6:read_file	16	static
files.h:214:6:write_str	32	static
files.h:226:6:write_array	32	static
files.h:247:6:read_buffer	32	static
files.h:260:6:generate_title	32	static
dsp.h:99:6:perform_fft	32	static
dsp.h:112:6:calculate_mean	24	static
dsp.h:121:6:calculate_magnitudes	2072	static
dsp.h:128:11:get_frequency	16	static
dsp.h:137:6:init_filter	16	static
dsp.h:146:6:fir_filter	4120	static
dsp.h:158:6:linear_filter	32	static
main.c:131:5:main	8648	static
main.c:321:6:SystemClock_Config	104	static
main.c:369:6:HAL_GPIO_EXTI_Callback	16	static
main.c:397:6:HAL_TIM_PeriodElapsedCallback	16	static
main.c:415:6:HAL_ADC_ConvHalfCpltCallback	16	static
main.c:423:6:HAL_ADC_ConvCpltCallback	16	static
main.c:432:6:write_buffer	24	static
main.c:457:6:Error_Handler	4	static
main.c:473:6:assert_failed	16	static
