lcd5110.h:40:13:LCD5110_refresh	0	static
lcd5110.h:79:13:LCD5110_set_cursor	0	static
lcd5110.h:83:16:LCD5110_get_cursor	8	static
lcd5110.h:88:13:LCD5110_clear_scr	8	static
lcd5110.h:96:13:LCD5110_fill_scr	0	static
lcd5110.c:71:6:LCD5110_wline	40	static
lcd5110.c:108:6:LCD5110_wrect	40	static
lcd5110.c:120:6:LCD5110_rect	0	static
lcd5110.c:125:6:LCD5110_win_draw_frame	0	static
lcd5110.c:129:6:LCD5110_rect_fill	24	static
lcd5110.c:137:6:LCD5110_wrect_fill	40	static
lcd5110.h:99:13:LCD5110_fill_win	0	static
lcd5110.h:92:13:LCD5110_clear_win	8	static
lcd5110.c:148:6:LCD5110_putchar	24	static
lcd5110.c:154:6:LCD5110_wputchar	40	static
lcd5110.c:168:6:LCD5110_putstr	32	static
lcd5110.c:177:6:LCD5110_wputstr	40	static
lcd5110.c:193:6:LCD5110_wputint	56	static
lcd5110.c:188:6:LCD5110_putint	24	static
lcd5110.c:204:6:LCD5110_clear_char	16	static
lcd5110.c:210:6:LCD5110_wclear_char	16	static
lcd5110.c:217:7:LCD5110_wclear_str	40	static
lcd5110.c:226:7:LCD5110_clear_str	16	static
lcd5110.c:232:6:LCD5110_wset_cursor	0	static
lcd5110.c:238:9:LCD5110_wget_cursor	8	static
lcd5110.c:242:6:LCD5110_wendl	0	static
lcd5110.h:110:13:LCD5110_endl	0	static
lcd5110.c:251:6:LCD5110_wprint	32	static
lcd5110.h:118:13:LCD5110_print	0	static
lcd5110.c:273:5:LCD5110_wprintf	124	static
lcd5110.c:293:5:LCD5110_printf	120	static
