Archive member included to satisfy reference by file (symbol)

/Users/mprotsyk/UCU/POC/project_new/Bat_Detector_407/libs/libarm_cortexM4lf_math.a(arm_const_structs.o)
                              Core/Src/main.o (arm_cfft_sR_f32_len512)
/Users/mprotsyk/UCU/POC/project_new/Bat_Detector_407/libs/libarm_cortexM4lf_math.a(arm_common_tables.o)
                              /Users/mprotsyk/UCU/POC/project_new/Bat_Detector_407/libs/libarm_cortexM4lf_math.a(arm_const_structs.o) (armBitRevIndexTable_fixed_4096)
/Users/mprotsyk/UCU/POC/project_new/Bat_Detector_407/libs/libarm_cortexM4lf_math.a(arm_max_f32.o)
                              Core/Src/main.o (arm_max_f32)
/Users/mprotsyk/UCU/POC/project_new/Bat_Detector_407/libs/libarm_cortexM4lf_math.a(arm_cfft_f32.o)
                              Core/Src/main.o (arm_cfft_f32)
/Users/mprotsyk/UCU/POC/project_new/Bat_Detector_407/libs/libarm_cortexM4lf_math.a(arm_fir_init_f32.o)
                              Core/Src/main.o (arm_fir_init_f32)
/Users/mprotsyk/UCU/POC/project_new/Bat_Detector_407/libs/libarm_cortexM4lf_math.a(arm_fir_f32.o)
                              Core/Src/main.o (arm_fir_f32)
/Users/mprotsyk/UCU/POC/project_new/Bat_Detector_407/libs/libarm_cortexM4lf_math.a(arm_cmplx_mag_f32.o)
                              Core/Src/main.o (arm_cmplx_mag_f32)
/Users/mprotsyk/UCU/POC/project_new/Bat_Detector_407/libs/libarm_cortexM4lf_math.a(arm_bitreversal2.o)
                              /Users/mprotsyk/UCU/POC/project_new/Bat_Detector_407/libs/libarm_cortexM4lf_math.a(arm_cfft_f32.o) (arm_bitreversal_32)
/Users/mprotsyk/UCU/POC/project_new/Bat_Detector_407/libs/libarm_cortexM4lf_math.a(arm_cfft_radix8_f32.o)
                              /Users/mprotsyk/UCU/POC/project_new/Bat_Detector_407/libs/libarm_cortexM4lf_math.a(arm_cfft_f32.o) (arm_radix8_butterfly_f32)
/Applications/STM32CubeIDE.app/Contents/Eclipse/plugins/com.st.stm32cube.ide.mcu.externaltools.gnu-tools-for-stm32.7-2018-q2-update.macos64_1.4.0.202007081208/tools/bin/../lib/gcc/arm-none-eabi/7.3.1/../../../../arm-none-eabi/lib/thumb/v7e-m/fpv4-sp/hard/libc_nano.a(lib_a-errno.o)
                              Core/Src/syscalls.o (__errno)
/Applications/STM32CubeIDE.app/Contents/Eclipse/plugins/com.st.stm32cube.ide.mcu.externaltools.gnu-tools-for-stm32.7-2018-q2-update.macos64_1.4.0.202007081208/tools/bin/../lib/gcc/arm-none-eabi/7.3.1/../../../../arm-none-eabi/lib/thumb/v7e-m/fpv4-sp/hard/libc_nano.a(lib_a-exit.o)
                              /Applications/STM32CubeIDE.app/Contents/Eclipse/plugins/com.st.stm32cube.ide.mcu.externaltools.gnu-tools-for-stm32.7-2018-q2-update.macos64_1.4.0.202007081208/tools/bin/../lib/gcc/arm-none-eabi/7.3.1/../../../../arm-none-eabi/lib/thumb/v7e-m/fpv4-sp/hard/crt0.o (exit)
/Applications/STM32CubeIDE.app/Contents/Eclipse/plugins/com.st.stm32cube.ide.mcu.externaltools.gnu-tools-for-stm32.7-2018-q2-update.macos64_1.4.0.202007081208/tools/bin/../lib/gcc/arm-none-eabi/7.3.1/../../../../arm-none-eabi/lib/thumb/v7e-m/fpv4-sp/hard/libc_nano.a(lib_a-impure.o)
                              /Applications/STM32CubeIDE.app/Contents/Eclipse/plugins/com.st.stm32cube.ide.mcu.externaltools.gnu-tools-for-stm32.7-2018-q2-update.macos64_1.4.0.202007081208/tools/bin/../lib/gcc/arm-none-eabi/7.3.1/../../../../arm-none-eabi/lib/thumb/v7e-m/fpv4-sp/hard/libc_nano.a(lib_a-exit.o) (_global_impure_ptr)
/Applications/STM32CubeIDE.app/Contents/Eclipse/plugins/com.st.stm32cube.ide.mcu.externaltools.gnu-tools-for-stm32.7-2018-q2-update.macos64_1.4.0.202007081208/tools/bin/../lib/gcc/arm-none-eabi/7.3.1/../../../../arm-none-eabi/lib/thumb/v7e-m/fpv4-sp/hard/libc_nano.a(lib_a-init.o)
                              /Applications/STM32CubeIDE.app/Contents/Eclipse/plugins/com.st.stm32cube.ide.mcu.externaltools.gnu-tools-for-stm32.7-2018-q2-update.macos64_1.4.0.202007081208/tools/bin/../lib/gcc/arm-none-eabi/7.3.1/../../../../arm-none-eabi/lib/thumb/v7e-m/fpv4-sp/hard/crt0.o (__libc_init_array)
/Applications/STM32CubeIDE.app/Contents/Eclipse/plugins/com.st.stm32cube.ide.mcu.externaltools.gnu-tools-for-stm32.7-2018-q2-update.macos64_1.4.0.202007081208/tools/bin/../lib/gcc/arm-none-eabi/7.3.1/../../../../arm-none-eabi/lib/thumb/v7e-m/fpv4-sp/hard/libc_nano.a(lib_a-itoa.o)
                              LCD5110/Src/lcd5110.o (itoa)
/Applications/STM32CubeIDE.app/Contents/Eclipse/plugins/com.st.stm32cube.ide.mcu.externaltools.gnu-tools-for-stm32.7-2018-q2-update.macos64_1.4.0.202007081208/tools/bin/../lib/gcc/arm-none-eabi/7.3.1/../../../../arm-none-eabi/lib/thumb/v7e-m/fpv4-sp/hard/libc_nano.a(lib_a-locale.o)
                              LCD5110/Src/lcd5110.o (__locale_ctype_ptr)
/Applications/STM32CubeIDE.app/Contents/Eclipse/plugins/com.st.stm32cube.ide.mcu.externaltools.gnu-tools-for-stm32.7-2018-q2-update.macos64_1.4.0.202007081208/tools/bin/../lib/gcc/arm-none-eabi/7.3.1/../../../../arm-none-eabi/lib/thumb/v7e-m/fpv4-sp/hard/libc_nano.a(lib_a-malloc.o)
[...]
Memory Configuration

Name             Origin             Length             Attributes
CCMRAM           0x0000000010000000 0x0000000000010000 xrw
RAM              0x0000000020000000 0x0000000000020000 xrw
FLASH            0x0000000008000000 0x0000000000100000 xr
*default*        0x0000000000000000 0xffffffffffffffff

Linker script and memory map

LOAD /Applications/STM32CubeIDE.app/Contents/Eclipse/plugins/com.st.stm32cube.ide.mcu.externaltools.gnu-tools-for-stm32.7-2018-q2-update.macos64_1.4.0.202007081208/tools/bin/../lib/gcc/arm-none-eabi/7.3.1/thumb/v7e-m/fpv4-sp/hard/crti.o
LOAD /Applications/STM32CubeIDE.app/Contents/Eclipse/plugins/com.st.stm32cube.ide.mcu.externaltools.gnu-tools-for-stm32.7-2018-q2-update.macos64_1.4.0.202007081208/tools/bin/../lib/gcc/arm-none-eabi/7.3.1/thumb/v7e-m/fpv4-sp/hard/crtbegin.o
LOAD /Applications/STM32CubeIDE.app/Contents/Eclipse/plugins/com.st.stm32cube.ide.mcu.externaltools.gnu-tools-for-stm32.7-2018-q2-update.macos64_1.4.0.202007081208/tools/bin/../lib/gcc/arm-none-eabi/7.3.1/../../../../arm-none-eabi/lib/thumb/v7e-m/fpv4-sp/hard/crt0.o
LOAD Core/Src/adc.o
LOAD Core/Src/debug.o
LOAD Core/Src/dma.o
LOAD Core/Src/gpio.o
LOAD Core/Src/i2c.o
LOAD Core/Src/main.o
LOAD Core/Src/rtc.o
LOAD Core/Src/screen.o
LOAD Core/Src/spi.o
LOAD Core/Src/stm32f4xx_hal_msp.o
LOAD Core/Src/stm32f4xx_it.o
LOAD Core/Src/syscalls.o
LOAD Core/Src/sysmem.o
LOAD Core/Src/system_stm32f4xx.o
LOAD Core/Src/tim.o
LOAD Core/Startup/startup_stm32f407vgtx.o
LOAD Drivers/STM32F4xx_HAL_Driver/Src/stm32f4xx_hal.o
LOAD Drivers/STM32F4xx_HAL_Driver/Src/stm32f4xx_hal_adc.o
LOAD Drivers/STM32F4xx_HAL_Driver/Src/stm32f4xx_hal_adc_ex.o
LOAD Drivers/STM32F4xx_HAL_Driver/Src/stm32f4xx_hal_cortex.o
LOAD Drivers/STM32F4xx_HAL_Driver/Src/stm32f4xx_hal_dma.o
LOAD Drivers/STM32F4xx_HAL_Driver/Src/stm32f4xx_hal_dma_ex.o
LOAD Drivers/STM32F4xx_HAL_Driver/Src/stm32f4xx_hal_exti.o
LOAD Drivers/STM32F4xx_HAL_Driver/Src/stm32f4xx_hal_flash.o
LOAD Drivers/STM32F4xx_HAL_Driver/Src/stm32f4xx_hal_flash_ex.o
LOAD Drivers/STM32F4xx_HAL_Driver/Src/stm32f4xx_hal_flash_ramfunc.o
LOAD Drivers/STM32F4xx_HAL_Driver/Src/stm32f4xx_hal_gpio.o
LOAD Drivers/STM32F4xx_HAL_Driver/Src/stm32f4xx_hal_hcd.o
LOAD Drivers/STM32F4xx_HAL_Driver/Src/stm32f4xx_hal_i2c.o
LOAD Drivers/STM32F4xx_HAL_Driver/Src/stm32f4xx_hal_i2c_ex.o
LOAD Drivers/STM32F4xx_HAL_Driver/Src/stm32f4xx_hal_pwr.o
LOAD Drivers/STM32F4xx_HAL_Driver/Src/stm32f4xx_hal_pwr_ex.o
LOAD Drivers/STM32F4xx_HAL_Driver/Src/stm32f4xx_hal_rcc.o
LOAD Drivers/STM32F4xx_HAL_Driver/Src/stm32f4xx_hal_rcc_ex.o
LOAD Drivers/STM32F4xx_HAL_Driver/Src/stm32f4xx_hal_rtc.o
LOAD Drivers/STM32F4xx_HAL_Driver/Src/stm32f4xx_hal_rtc_ex.o
LOAD Drivers/STM32F4xx_HAL_Driver/Src/stm32f4xx_hal_spi.o
LOAD Drivers/STM32F4xx_HAL_Driver/Src/stm32f4xx_hal_tim.o
LOAD Drivers/STM32F4xx_HAL_Driver/Src/stm32f4xx_hal_tim_ex.o
LOAD Drivers/STM32F4xx_HAL_Driver/Src/stm32f4xx_ll_usb.o
LOAD FATFS/App/fatfs.o
LOAD FATFS/Target/usbh_diskio.o
LOAD LCD5110/Src/lcd5110.o
LOAD LCD5110/Src/lcd5110_hal.o
LOAD LCD5110/Src/lcd5110_ll.o
LOAD Middlewares/ST/STM32_USB_Host_Library/Class/MSC/Src/usbh_msc.o
LOAD Middlewares/ST/STM32_USB_Host_Library/Class/MSC/Src/usbh_msc_bot.o
LOAD Middlewares/ST/STM32_USB_Host_Library/Class/MSC/Src/usbh_msc_scsi.o
LOAD Middlewares/ST/STM32_USB_Host_Library/Core/Src/usbh_core.o
LOAD Middlewares/ST/STM32_USB_Host_Library/Core/Src/usbh_ctlreq.o
LOAD Middlewares/ST/STM32_USB_Host_Library/Core/Src/usbh_ioreq.o
LOAD Middlewares/ST/STM32_USB_Host_Library/Core/Src/usbh_pipes.o
LOAD Middlewares/Third_Party/FatFs/src/diskio.o
LOAD Middlewares/Third_Party/FatFs/src/ff.o
LOAD Middlewares/Third_Party/FatFs/src/ff_gen_drv.o
LOAD Middlewares/Third_Party/FatFs/src/option/ccsbcs.o
LOAD Middlewares/Third_Party/FatFs/src/option/syscall.o
LOAD USB_HOST/App/usb_host.o
LOAD USB_HOST/Target/usbh_conf.o
LOAD USB_HOST/Target/usbh_platform.o
LOAD /Users/mprotsyk/UCU/POC/project_new/Bat_Detector_407/libs/libarm_cortexM4lf_math.a
START GROUP
LOAD /Applications/STM32CubeIDE.app/Contents/Eclipse/plugins/com.st.stm32cube.ide.mcu.externaltools.gnu-tools-for-stm32.7-2018-q2-update.macos64_1.4.0.202007081208/tools/bin/../lib/gcc/arm-none-eabi/7.3.1/../../../../arm-none-eabi/lib/thumb/v7e-m/fpv4-sp/hard/libc_nano.a
LOAD /Applications/STM32CubeIDE.app/Contents/Eclipse/plugins/com.st.stm32cube.ide.mcu.externaltools.gnu-tools-for-stm32.7-2018-q2-update.macos64_1.4.0.202007081208/tools/bin/../lib/gcc/arm-none-eabi/7.3.1/../../../../arm-none-eabi/lib/thumb/v7e-m/fpv4-sp/hard/libm.a
END GROUP
START GROUP
LOAD /Applications/STM32CubeIDE.app/Contents/Eclipse/plugins/com.st.stm32cube.ide.mcu.externaltools.gnu-tools-for-stm32.7-2018-q2-update.macos64_1.4.0.202007081208/tools/bin/../lib/gcc/arm-none-eabi/7.3.1/thumb/v7e-m/fpv4-sp/hard/libgcc.a
LOAD /Applications/STM32CubeIDE.app/Contents/Eclipse/plugins/com.st.stm32cube.ide.mcu.externaltools.gnu-tools-for-stm32.7-2018-q2-update.macos64_1.4.0.202007081208/tools/bin/../lib/gcc/arm-none-eabi/7.3.1/../../../../arm-none-eabi/lib/thumb/v7e-m/fpv4-sp/hard/libc_nano.a
END GROUP
START GROUP
LOAD /Applications/STM32CubeIDE.app/Contents/Eclipse/plugins/com.st.stm32cube.ide.mcu.externaltools.gnu-tools-for-stm32.7-2018-q2-update.macos64_1.4.0.202007081208/tools/bin/../lib/gcc/arm-none-eabi/7.3.1/thumb/v7e-m/fpv4-sp/hard/libgcc.a
LOAD /Applications/STM32CubeIDE.app/Contents/Eclipse/plugins/com.st.stm32cube.ide.mcu.externaltools.gnu-tools-for-stm32.7-2018-q2-update.macos64_1.4.0.202007081208/tools/bin/../lib/gcc/arm-none-eabi/7.3.1/../../../../arm-none-eabi/lib/thumb/v7e-m/fpv4-sp/hard/libc_nano.a
LOAD /Applications/STM32CubeIDE.app/Contents/Eclipse/plugins/com.st.stm32cube.ide.mcu.externaltools.gnu-tools-for-stm32.7-2018-q2-update.macos64_1.4.0.202007081208/tools/bin/../lib/gcc/arm-none-eabi/7.3.1/../../../../arm-none-eabi/lib/thumb/v7e-m/fpv4-sp/hard/libnosys.a
END GROUP
START GROUP
LOAD /Applications/STM32CubeIDE.app/Contents/Eclipse/plugins/com.st.stm32cube.ide.mcu.externaltools.gnu-tools-for-stm32.7-2018-q2-update.macos64_1.4.0.202007081208/tools/bin/../lib/gcc/arm-none-eabi/7.3.1/thumb/v7e-m/fpv4-sp/hard/libgcc.a
LOAD /Applications/STM32CubeIDE.app/Contents/Eclipse/plugins/com.st.stm32cube.ide.mcu.externaltools.gnu-tools-for-stm32.7-2018-q2-update.macos64_1.4.0.202007081208/tools/bin/../lib/gcc/arm-none-eabi/7.3.1/../../../../arm-none-eabi/lib/thumb/v7e-m/fpv4-sp/hard/libc_nano.a
LOAD /Applications/STM32CubeIDE.app/Contents/Eclipse/plugins/com.st.stm32cube.ide.mcu.externaltools.gnu-tools-for-stm32.7-2018-q2-update.macos64_1.4.0.202007081208/tools/bin/../lib/gcc/arm-none-eabi/7.3.1/../../../../arm-none-eabi/lib/thumb/v7e-m/fpv4-sp/hard/libnosys.a
END GROUP
LOAD /Applications/STM32CubeIDE.app/Contents/Eclipse/plugins/com.st.stm32cube.ide.mcu.externaltools.gnu-tools-for-stm32.7-2018-q2-update.macos64_1.4.0.202007081208/tools/bin/../lib/gcc/arm-none-eabi/7.3.1/thumb/v7e-m/fpv4-sp/hard/crtend.o
LOAD /Applications/STM32CubeIDE.app/Contents/Eclipse/plugins/com.st.stm32cube.ide.mcu.externaltools.gnu-tools-for-stm32.7-2018-q2-update.macos64_1.4.0.202007081208/tools/bin/../lib/gcc/arm-none-eabi/7.3.1/thumb/v7e-m/fpv4-sp/hard/crtn.o
                0x0000000020020000                _estack = (ORIGIN (RAM) + LENGTH (RAM))
                0x0000000000000400                _Min_Heap_Size = 0x400
                0x0000000000000800                _Min_Stack_Size = 0x800

.isr_vector     0x0000000008000000      0x188
                0x0000000008000000                . = ALIGN (0x4)
 *(.isr_vector)
 .isr_vector    0x0000000008000000      0x188 Core/Startup/startup_stm32f407vgtx.o
                0x0000000008000000                g_pfnVectors
                0x0000000008000188                . = ALIGN (0x4)

.text           0x0000000008000190     0xb474
                0x0000000008000190                . = ALIGN (0x4)
 *(.text)
 .text          0x0000000008000190       0x40 /Applications/STM32CubeIDE.app/Contents/Eclipse/plugins/com.st.stm32cube.ide.mcu.externaltools.gnu-tools-for-stm32.7-2018-q2-update.macos64_1.4.0.202007081208/tools/bin/../lib/gcc/arm-none-eabi/7.3.1/thumb/v7e-m/fpv4-sp/hard/crtbegin.o
 .text          0x00000000080001d0       0xc0 /Users/mprotsyk/UCU/POC/project_new/Bat_Detector_407/libs/libarm_cortexM4lf_math.a(arm_bitreversal2.o)
                0x00000000080001d0                arm_bitreversal_32
                0x000000000800023a                arm_bitreversal_16
 .text          0x0000000008000290       0xa0 /Applications/STM32CubeIDE.app/Contents/Eclipse/plugins/com.st.stm32cube.ide.mcu.externaltools.gnu-tools-for-stm32.7-2018-q2-update.macos64_1.4.0.202007081208/tools/bin/../lib/gcc/arm-none-eabi/7.3.1/../../../../arm-none-eabi/lib/thumb/v7e-m/fpv4-sp/hard/libc_nano.a(lib_a-memchr.o)
                0x0000000008000290                memchr
 .text          0x0000000008000330      0x378 /Applications/STM32CubeIDE.app/Contents/Eclipse/plugins/com.st.stm32cube.ide.mcu.externaltools.gnu-tools-for-stm32.7-2018-q2-update.macos64_1.4.0.202007081208/tools/bin/../lib/gcc/arm-none-eabi/7.3.1/thumb/v7e-m/fpv4-sp/hard/libgcc.a(_arm_addsubdf3.o)
                0x0000000008000330                __aeabi_drsub
                0x0000000008000338                __subdf3
                0x0000000008000338                __aeabi_dsub
                0x000000000800033c                __aeabi_dadd
                0x000000000800033c                __adddf3
                0x00000000080005b4                __aeabi_ui2d
                0x00000000080005b4                __floatunsidf
                0x00000000080005d4                __floatsidf
                0x00000000080005d4                __aeabi_i2d
                0x00000000080005f8                __extendsfdf2
                0x00000000080005f8                __aeabi_f2d
                0x000000000800063c                __aeabi_ul2d
                0x000000000800063c                __floatundidf
                0x000000000800064c                __aeabi_l2d
                0x000000000800064c                __floatdidf
 .text          0x00000000080006a8      0x424 /Applications/STM32CubeIDE.app/Contents/Eclipse/plugins/com.st.stm32cube.ide.mcu.externaltools.gnu-tools-for-stm32.7-2018-q2-update.macos64_1.4.0.202007081208/tools/bin/../lib/gcc/arm-none-eabi/7.3.1/thumb/v7e-m/fpv4-sp/hard/libgcc.a(_arm_muldivdf3.o)
                0x00000000080006a8                __aeabi_dmul
                0x00000000080006a8                __muldf3
                0x00000000080008fc                __aeabi_ddiv
                0x00000000080008fc                __divdf3
 .text          0x0000000008000acc      0x110 /Applications/STM32CubeIDE.app/Contents/Eclipse/plugins/com.st.stm32cube.ide.mcu.externaltools.gnu-tools-for-stm32.7-2018-q2-update.macos64_1.4.0.202007081208/tools/bin/../lib/gcc/arm-none-eabi/7.3.1/thumb/v7e-m/fpv4-sp/hard/libgcc.a(_arm_cmpdf2.o)
                0x0000000008000acc                __gedf2
                0x0000000008000acc                __gtdf2
                0x0000000008000ad4                __ledf2
                0x0000000008000ad4                __ltdf2
                0x0000000008000adc                __cmpdf2
                0x0000000008000adc                __eqdf2
                0x0000000008000adc                __nedf2
                0x0000000008000b58                __aeabi_cdrcmple
                0x0000000008000b68                __aeabi_cdcmple
                0x0000000008000b68                __aeabi_cdcmpeq
                0x0000000008000b78                __aeabi_dcmpeq
                0x0000000008000b8c                __aeabi_dcmplt
                0x0000000008000ba0                __aeabi_dcmple
                0x0000000008000bb4                __aeabi_dcmpge
                0x0000000008000bc8                __aeabi_dcmpgt
 .text          0x0000000008000bdc       0x2c /Applications/STM32CubeIDE.app/Contents/Eclipse/plugins/com.st.stm32cube.ide.mcu.externaltools.gnu-tools-for-stm32.7-2018-q2-update.macos64_1.4.0.202007081208/tools/bin/../lib/gcc/arm-none-eabi/7.3.1/thumb/v7e-m/fpv4-sp/hard/libgcc.a(_arm_unorddf2.o)
                0x0000000008000bdc                __aeabi_dcmpun
                0x0000000008000bdc                __unorddf2
 .text          0x0000000008000c08       0xa0 /Applications/STM32CubeIDE.app/Contents/Eclipse/plugins/com.st.stm32cube.ide.mcu.externaltools.gnu-tools-for-stm32.7-2018-q2-update.macos64_1.4.0.202007081208/tools/bin/../lib/gcc/arm-none-eabi/7.3.1/thumb/v7e-m/fpv4-sp/hard/libgcc.a(_arm_truncdfsf2.o)
                0x0000000008000c08                __aeabi_d2f
                0x0000000008000c08                __truncdfsf2
 .text          0x0000000008000ca8       0x30 /Applications/STM32CubeIDE.app/Contents/Eclipse/plugins/com.st.stm32cube.ide.mcu.externaltools.gnu-tools-for-stm32.7-2018-q2-update.macos64_1.4.0.202007081208/tools/bin/../lib/gcc/arm-none-eabi/7.3.1/thumb/v7e-m/fpv4-sp/hard/libgcc.a(_aeabi_uldivmod.o)
                0x0000000008000ca8                __aeabi_uldivmod
 .text          0x0000000008000cd8      0x2cc /Applications/STM32CubeIDE.app/Contents/Eclipse/plugins/com.st.stm32cube.ide.mcu.externaltools.gnu-tools-for-stm32.7-2018-q2-update.macos64_1.4.0.202007081208/tools/bin/../lib/gcc/arm-none-eabi/7.3.1/thumb/v7e-m/fpv4-sp/hard/libgcc.a(_udivmoddi4.o)
                0x0000000008000cd8                __udivmoddi4
 .text          0x0000000008000fa4        0x4 /Applications/STM32CubeIDE.app/Contents/Eclipse/plugins/com.st.stm32cube.ide.mcu.externaltools.gnu-tools-for-stm32.7-2018-q2-update.macos64_1.4.0.202007081208/tools/bin/../lib/gcc/arm-none-eabi/7.3.1/thumb/v7e-m/fpv4-sp/hard/libgcc.a(_dvmd_tls.o)
                0x0000000008000fa4                __aeabi_ldiv0
                0x0000000008000fa4                __aeabi_idiv0
 *(.text*)
 .text.MX_ADC1_Init
                0x0000000008000fa8       0x68 Core/Src/adc.o
                0x0000000008000fa8                MX_ADC1_Init
 .text.HAL_ADC_MspInit
                0x0000000008001010       0xa4 Core/Src/adc.o
                0x0000000008001010                HAL_ADC_MspInit
 .text.send_signal
                0x00000000080010b4       0x34 Core/Src/debug.o
                0x00000000080010b4                send_signal
 .text.MX_DMA_Init
                0x00000000080010e8       0x34 Core/Src/dma.o
                0x00000000080010e8                MX_DMA_Init
 .text.MX_GPIO_Init
                0x000000000800111c      0x1b0 Core/Src/gpio.o
                0x000000000800111c                MX_GPIO_Init
 .text.MX_I2C1_Init
                0x00000000080012cc       0x3c Core/Src/i2c.o
                0x00000000080012cc                MX_I2C1_Init
 .text.HAL_I2C_MspInit
                0x0000000008001308       0x70 Core/Src/i2c.o
                0x0000000008001308                HAL_I2C_MspInit
 .text.get_intensity
                0x0000000008001378       0x38 Core/Src/main.o
                0x0000000008001378                get_intensity
 .text.calculate_mean
                0x00000000080013b0       0x22 Core/Src/main.o
                0x00000000080013b0                calculate_mean
 *fill*         0x00000000080013d2        0x2 
 .text.perform_fft
                0x00000000080013d4       0x4c Core/Src/main.o
                0x00000000080013d4                perform_fft
 .text.calculate_magnitudes
                0x0000000008001420       0x28 Core/Src/main.o
                0x0000000008001420                calculate_magnitudes
 .text.get_frequency
                0x0000000008001448       0x2c Core/Src/main.o
                0x0000000008001448                get_frequency
 .text.init_filter
                0x0000000008001474       0x28 Core/Src/main.o
                0x0000000008001474                init_filter
 .text.fir_filter
                0x000000000800149c       0x6c Core/Src/main.o
                0x000000000800149c                fir_filter
 .text.linear_filter
                0x0000000008001508       0x32 Core/Src/main.o
                0x0000000008001508                linear_filter
 *fill*         0x000000000800153a        0x2 
 .text.create_header
                0x000000000800153c       0x80 Core/Src/main.o
                0x000000000800153c                create_header
 .text.create_file
                0x00000000080015bc       0x14 Core/Src/main.o
                0x00000000080015bc                create_file
 .text.write_header
                0x00000000080015d0       0x1c Core/Src/main.o
                0x00000000080015d0                write_header
 .text.write_data
                0x00000000080015ec       0x18 Core/Src/main.o
                0x00000000080015ec                write_data
 .text.write_little_endian_data
                0x0000000008001604       0x30 Core/Src/main.o
                0x0000000008001604                write_little_endian_data
 .text.close_file
                0x0000000008001634       0x10 Core/Src/main.o
                0x0000000008001634                close_file
 .text.read_file
                0x0000000008001644       0x14 Core/Src/main.o
                0x0000000008001644                read_file
 .text.write_str
                0x0000000008001658       0x16 Core/Src/main.o
                0x0000000008001658                write_str
 *fill*         0x000000000800166e        0x2 
 .text.write_array
                0x0000000008001670       0x60 Core/Src/main.o
                0x0000000008001670                write_array
 .text.read_buffer
                0x00000000080016d0       0x18 Core/Src/main.o
                0x00000000080016d0                read_buffer
 .text.generate_title
                0x00000000080016e8       0x48 Core/Src/main.o
                0x00000000080016e8                generate_title
 .text.SystemClock_Config
                0x0000000008001730       0xb0 Core/Src/main.o
                0x0000000008001730                SystemClock_Config
 .text.HAL_GPIO_EXTI_Callback
                0x00000000080017e0       0x58 Core/Src/main.o
                0x00000000080017e0                HAL_GPIO_EXTI_Callback
 .text.HAL_TIM_PeriodElapsedCallback
                0x0000000008001838       0x6c Core/Src/main.o
                0x0000000008001838                HAL_TIM_PeriodElapsedCallback
 .text.HAL_ADC_ConvHalfCpltCallback
                0x00000000080018a4       0x20 Core/Src/main.o
                0x00000000080018a4                HAL_ADC_ConvHalfCpltCallback
 .text.HAL_ADC_ConvCpltCallback
                0x00000000080018c4       0x20 Core/Src/main.o
                0x00000000080018c4                HAL_ADC_ConvCpltCallback
 .text.write_buffer
                0x00000000080018e4       0x60 Core/Src/main.o
                0x00000000080018e4                write_buffer
 .text.startup.main
                0x0000000008001944      0x30c Core/Src/main.o
                0x0000000008001944                main
 .text.Error_Handler
                0x0000000008001c50        0x2 Core/Src/main.o
                0x0000000008001c50                Error_Handler
 .text.assert_failed
                0x0000000008001c52        0x2 Core/Src/main.o
                0x0000000008001c52                assert_failed
 .text.MX_RTC_Init
                0x0000000008001c54       0x74 Core/Src/rtc.o
                0x0000000008001c54                MX_RTC_Init
 .text.HAL_RTC_MspInit
                0x0000000008001cc8       0x18 Core/Src/rtc.o
                0x0000000008001cc8                HAL_RTC_MspInit
 .text.main_screen_init
                0x0000000008001ce0       0x6c Core/Src/screen.o
                0x0000000008001ce0                main_screen_init
 .text.println  0x0000000008001d4c       0x14 Core/Src/screen.o
                0x0000000008001d4c                println
 .text.clear_print
                0x0000000008001d60       0x24 Core/Src/screen.o
                0x0000000008001d60                clear_print
 .text.MX_SPI1_Init
                0x0000000008001d84       0x44 Core/Src/spi.o
                0x0000000008001d84                MX_SPI1_Init
 .text.MX_SPI2_Init
                0x0000000008001dc8       0x44 Core/Src/spi.o
                0x0000000008001dc8                MX_SPI2_Init
 .text.HAL_SPI_MspInit
                0x0000000008001e0c       0xe8 Core/Src/spi.o
                0x0000000008001e0c                HAL_SPI_MspInit
 .text.HAL_MspInit
                0x0000000008001ef4       0x3c Core/Src/stm32f4xx_hal_msp.o
                0x0000000008001ef4                HAL_MspInit
 .text.NMI_Handler
                0x0000000008001f30        0x2 Core/Src/stm32f4xx_it.o
                0x0000000008001f30                NMI_Handler
 .text.HardFault_Handler
                0x0000000008001f32        0x2 Core/Src/stm32f4xx_it.o
                0x0000000008001f32                HardFault_Handler
 .text.MemManage_Handler
                0x0000000008001f34        0x2 Core/Src/stm32f4xx_it.o
                0x0000000008001f34                MemManage_Handler
 .text.BusFault_Handler
                0x0000000008001f36        0x2 Core/Src/stm32f4xx_it.o
                0x0000000008001f36                BusFault_Handler
 .text.UsageFault_Handler
                0x0000000008001f38        0x2 Core/Src/stm32f4xx_it.o
                0x0000000008001f38                UsageFault_Handler
 .text.SVC_Handler
                0x0000000008001f3a        0x2 Core/Src/stm32f4xx_it.o
                0x0000000008001f3a                SVC_Handler
 .text.DebugMon_Handler
                0x0000000008001f3c        0x2 Core/Src/stm32f4xx_it.o
                0x0000000008001f3c                DebugMon_Handler
 .text.PendSV_Handler
                0x0000000008001f3e        0x2 Core/Src/stm32f4xx_it.o
                0x0000000008001f3e                PendSV_Handler
 .text.SysTick_Handler
                0x0000000008001f40        0x4 Core/Src/stm32f4xx_it.o
                0x0000000008001f40                SysTick_Handler
 .text.EXTI0_IRQHandler
                0x0000000008001f44        0x6 Core/Src/stm32f4xx_it.o
                0x0000000008001f44                EXTI0_IRQHandler
 *fill*         0x0000000008001f4a        0x2 
 .text.TIM3_IRQHandler
                0x0000000008001f4c        0xc Core/Src/stm32f4xx_it.o
                0x0000000008001f4c                TIM3_IRQHandler
 .text.DMA2_Stream0_IRQHandler
                0x0000000008001f58        0xc Core/Src/stm32f4xx_it.o
                0x0000000008001f58                DMA2_Stream0_IRQHandler
 .text.OTG_FS_IRQHandler
                0x0000000008001f64        0xc Core/Src/stm32f4xx_it.o
                0x0000000008001f64                OTG_FS_IRQHandler
 .text._sbrk    0x0000000008001f70       0x40 Core/Src/sysmem.o
                0x0000000008001f70                _sbrk
 .text.SystemInit
                0x0000000008001fb0       0x1c Core/Src/system_stm32f4xx.o
                0x0000000008001fb0                SystemInit
 .text.MX_TIM3_Init
                0x0000000008001fcc       0x68 Core/Src/tim.o
                0x0000000008001fcc                MX_TIM3_Init
 .text.HAL_TIM_Base_MspInit
                0x0000000008002034       0x44 Core/Src/tim.o
                0x0000000008002034                HAL_TIM_Base_MspInit
 .text.Reset_Handler
                0x0000000008002078       0x50 Core/Startup/startup_stm32f407vgtx.o
                0x0000000008002078                Reset_Handler
 .text.Default_Handler
                0x00000000080020c8        0x2 Core/Startup/startup_stm32f407vgtx.o
                0x00000000080020c8                DMA1_Stream3_IRQHandler
                0x00000000080020c8                HASH_RNG_IRQHandler
                0x00000000080020c8                EXTI2_IRQHandler
                0x00000000080020c8                TIM8_CC_IRQHandler
                0x00000000080020c8                TIM1_CC_IRQHandler
                0x00000000080020c8                DMA2_Stream5_IRQHandler
                0x00000000080020c8                DMA1_Stream5_IRQHandler
                0x00000000080020c8                PVD_IRQHandler
                0x00000000080020c8                SDIO_IRQHandler
                0x00000000080020c8                TAMP_STAMP_IRQHandler
                0x00000000080020c8                CAN2_RX1_IRQHandler
                0x00000000080020c8                EXTI3_IRQHandler
                0x00000000080020c8                TIM8_TRG_COM_TIM14_IRQHandler
                0x00000000080020c8                TIM1_UP_TIM10_IRQHandler
                0x00000000080020c8                TIM8_UP_TIM13_IRQHandler
                0x00000000080020c8                I2C3_ER_IRQHandler
                0x00000000080020c8                I2C2_EV_IRQHandler
                0x00000000080020c8                DMA1_Stream2_IRQHandler
                0x00000000080020c8                CAN1_RX0_IRQHandler
                0x00000000080020c8                FPU_IRQHandler
                0x00000000080020c8                OTG_HS_WKUP_IRQHandler
                0x00000000080020c8                CAN2_SCE_IRQHandler
                0x00000000080020c8                DMA2_Stream2_IRQHandler
                0x00000000080020c8                SPI1_IRQHandler
                0x00000000080020c8                TIM6_DAC_IRQHandler
                0x00000000080020c8                TIM1_BRK_TIM9_IRQHandler
                0x00000000080020c8                DCMI_IRQHandler
                0x00000000080020c8                CAN2_RX0_IRQHandler
                0x00000000080020c8                DMA2_Stream3_IRQHandler
                0x00000000080020c8                USART6_IRQHandler
                0x00000000080020c8                USART3_IRQHandler
                0x00000000080020c8                CAN1_RX1_IRQHandler
                0x00000000080020c8                UART5_IRQHandler
                0x00000000080020c8                TIM4_IRQHandler
                0x00000000080020c8                I2C1_EV_IRQHandler
                0x00000000080020c8                DMA1_Stream6_IRQHandler
                0x00000000080020c8                DMA1_Stream1_IRQHandler
                0x00000000080020c8                UART4_IRQHandler
                0x00000000080020c8                RCC_IRQHandler
                0x00000000080020c8                TIM8_BRK_TIM12_IRQHandler
                0x00000000080020c8                Default_Handler
                0x00000000080020c8                EXTI15_10_IRQHandler
                0x00000000080020c8                ADC_IRQHandler
                0x00000000080020c8                DMA1_Stream7_IRQHandler
                0x00000000080020c8                TIM7_IRQHandler
                0x00000000080020c8                CAN2_TX_IRQHandler
                0x00000000080020c8                TIM5_IRQHandler
                0x00000000080020c8                DMA2_Stream7_IRQHandler
                0x00000000080020c8                I2C3_EV_IRQHandler
                0x00000000080020c8                EXTI9_5_IRQHandler
                0x00000000080020c8                RTC_WKUP_IRQHandler
                0x00000000080020c8                ETH_WKUP_IRQHandler
                0x00000000080020c8                SPI2_IRQHandler
                0x00000000080020c8                OTG_HS_EP1_IN_IRQHandler
                0x00000000080020c8                DMA1_Stream0_IRQHandler
                0x00000000080020c8                CAN1_TX_IRQHandler
                0x00000000080020c8                EXTI4_IRQHandler
                0x00000000080020c8                FSMC_IRQHandler
                0x00000000080020c8                ETH_IRQHandler
                0x00000000080020c8                OTG_HS_EP1_OUT_IRQHandler
                0x00000000080020c8                WWDG_IRQHandler
                0x00000000080020c8                TIM2_IRQHandler
                0x00000000080020c8                OTG_FS_WKUP_IRQHandler
                0x00000000080020c8                TIM1_TRG_COM_TIM11_IRQHandler
                0x00000000080020c8                OTG_HS_IRQHandler
                0x00000000080020c8                EXTI1_IRQHandler
                0x00000000080020c8                USART2_IRQHandler
                0x00000000080020c8                I2C2_ER_IRQHandler
                0x00000000080020c8                DMA2_Stream1_IRQHandler
                0x00000000080020c8                CAN1_SCE_IRQHandler
                0x00000000080020c8                FLASH_IRQHandler
                0x00000000080020c8                DMA2_Stream4_IRQHandler
                0x00000000080020c8                USART1_IRQHandler
                0x00000000080020c8                SPI3_IRQHandler
                0x00000000080020c8                DMA1_Stream4_IRQHandler
                0x00000000080020c8                I2C1_ER_IRQHandler
                0x00000000080020c8                DMA2_Stream6_IRQHandler
                0x00000000080020c8                RTC_Alarm_IRQHandler
 *fill*         0x00000000080020ca        0x2 
 .text.HAL_InitTick
                0x00000000080020cc       0x48 Drivers/STM32F4xx_HAL_Driver/Src/stm32f4xx_hal.o
                0x00000000080020cc                HAL_InitTick
 .text.HAL_Init
                0x0000000008002114       0x34 Drivers/STM32F4xx_HAL_Driver/Src/stm32f4xx_hal.o
                0x0000000008002114                HAL_Init
 .text.HAL_IncTick
                0x0000000008002148       0x18 Drivers/STM32F4xx_HAL_Driver/Src/stm32f4xx_hal.o
                0x0000000008002148                HAL_IncTick
 .text.HAL_GetTick
                0x0000000008002160        0xc Drivers/STM32F4xx_HAL_Driver/Src/stm32f4xx_hal.o
                0x0000000008002160                HAL_GetTick
 .text.HAL_Delay
                0x000000000800216c       0x28 Drivers/STM32F4xx_HAL_Driver/Src/stm32f4xx_hal.o
                0x000000000800216c                HAL_Delay
 .text.HAL_ADC_Init
                0x0000000008002194      0x27c Drivers/STM32F4xx_HAL_Driver/Src/stm32f4xx_hal_adc.o
                0x0000000008002194                HAL_ADC_Init
 .text.HAL_ADC_Start_DMA
                0x0000000008002410      0x150 Drivers/STM32F4xx_HAL_Driver/Src/stm32f4xx_hal_adc.o
                0x0000000008002410                HAL_ADC_Start_DMA
 .text.ADC_DMAHalfConvCplt
                0x0000000008002560        0xa Drivers/STM32F4xx_HAL_Driver/Src/stm32f4xx_hal_adc.o
 .text.HAL_ADC_ErrorCallback
                0x000000000800256a        0x2 Drivers/STM32F4xx_HAL_Driver/Src/stm32f4xx_hal_adc.o
                0x000000000800256a                HAL_ADC_ErrorCallback
 .text.ADC_DMAError
                0x000000000800256c       0x16 Drivers/STM32F4xx_HAL_Driver/Src/stm32f4xx_hal_adc.o
 .text.ADC_DMAConvCplt
                0x0000000008002582       0x6c Drivers/STM32F4xx_HAL_Driver/Src/stm32f4xx_hal_adc.o
 *fill*         0x00000000080025ee        0x2 
 .text.HAL_ADC_ConfigChannel
                0x00000000080025f0      0x158 Drivers/STM32F4xx_HAL_Driver/Src/stm32f4xx_hal_adc.o
                0x00000000080025f0                HAL_ADC_ConfigChannel
 .text.HAL_NVIC_SetPriorityGrouping
                0x0000000008002748       0x3c Drivers/STM32F4xx_HAL_Driver/Src/stm32f4xx_hal_cortex.o
                0x0000000008002748                HAL_NVIC_SetPriorityGrouping
 .text.HAL_NVIC_SetPriority
                0x0000000008002784       0x88 Drivers/STM32F4xx_HAL_Driver/Src/stm32f4xx_hal_cortex.o
                0x0000000008002784                HAL_NVIC_SetPriority
 .text.HAL_NVIC_EnableIRQ
                0x000000000800280c       0x28 Drivers/STM32F4xx_HAL_Driver/Src/stm32f4xx_hal_cortex.o
                0x000000000800280c                HAL_NVIC_EnableIRQ
 .text.HAL_SYSTICK_Config
                0x0000000008002834       0x2c Drivers/STM32F4xx_HAL_Driver/Src/stm32f4xx_hal_cortex.o
                0x0000000008002834                HAL_SYSTICK_Config
 .text.DMA_CalcBaseAndBitshift
                0x0000000008002860       0x2c Drivers/STM32F4xx_HAL_Driver/Src/stm32f4xx_hal_dma.o
 .text.HAL_DMA_Init
                0x000000000800288c      0x250 Drivers/STM32F4xx_HAL_Driver/Src/stm32f4xx_hal_dma.o
                0x000000000800288c                HAL_DMA_Init
 .text.HAL_DMA_Start_IT
                0x0000000008002adc       0xa0 Drivers/STM32F4xx_HAL_Driver/Src/stm32f4xx_hal_dma.o
                0x0000000008002adc                HAL_DMA_Start_IT
 .text.HAL_DMA_IRQHandler
                0x0000000008002b7c      0x17c Drivers/STM32F4xx_HAL_Driver/Src/stm32f4xx_hal_dma.o
                0x0000000008002b7c                HAL_DMA_IRQHandler
 .text.HAL_GPIO_Init
                0x0000000008002cf8      0x298 Drivers/STM32F4xx_HAL_Driver/Src/stm32f4xx_hal_gpio.o
                0x0000000008002cf8                HAL_GPIO_Init
 .text.HAL_GPIO_WritePin
                0x0000000008002f90       0x34 Drivers/STM32F4xx_HAL_Driver/Src/stm32f4xx_hal_gpio.o
                0x0000000008002f90                HAL_GPIO_WritePin
 .text.HAL_GPIO_TogglePin
                0x0000000008002fc4       0x24 Drivers/STM32F4xx_HAL_Driver/Src/stm32f4xx_hal_gpio.o
                0x0000000008002fc4                HAL_GPIO_TogglePin
 .text.HAL_GPIO_EXTI_IRQHandler
                0x0000000008002fe8       0x18 Drivers/STM32F4xx_HAL_Driver/Src/stm32f4xx_hal_gpio.o
                0x0000000008002fe8                HAL_GPIO_EXTI_IRQHandler
 .text.HAL_HCD_HC_Init
                0x0000000008003000       0x6e Drivers/STM32F4xx_HAL_Driver/Src/stm32f4xx_hal_hcd.o
                0x0000000008003000                HAL_HCD_HC_Init
 .text.HAL_HCD_HC_Halt
                0x000000000800306e       0x24 Drivers/STM32F4xx_HAL_Driver/Src/stm32f4xx_hal_hcd.o
                0x000000000800306e                HAL_HCD_HC_Halt
 *fill*         0x0000000008003092        0x2 
 .text.HAL_HCD_Init
                0x0000000008003094       0xb4 Drivers/STM32F4xx_HAL_Driver/Src/stm32f4xx_hal_hcd.o
                0x0000000008003094                HAL_HCD_Init
 .text.HAL_HCD_HC_SubmitRequest
                0x0000000008003148       0xc8 Drivers/STM32F4xx_HAL_Driver/Src/stm32f4xx_hal_hcd.o
                0x0000000008003148                HAL_HCD_HC_SubmitRequest
 .text.HAL_HCD_IRQHandler
                0x0000000008003210      0x60c Drivers/STM32F4xx_HAL_Driver/Src/stm32f4xx_hal_hcd.o
                0x0000000008003210                HAL_HCD_IRQHandler
 .text.HAL_HCD_Start
                0x000000000800381c       0x2c Drivers/STM32F4xx_HAL_Driver/Src/stm32f4xx_hal_hcd.o
                0x000000000800381c                HAL_HCD_Start
 .text.HAL_HCD_Stop
                0x0000000008003848       0x24 Drivers/STM32F4xx_HAL_Driver/Src/stm32f4xx_hal_hcd.o
                0x0000000008003848                HAL_HCD_Stop
 .text.HAL_HCD_ResetPort
                0x000000000800386c        0x6 Drivers/STM32F4xx_HAL_Driver/Src/stm32f4xx_hal_hcd.o
                0x000000000800386c                HAL_HCD_ResetPort
 .text.HAL_HCD_HC_GetURBState
                0x0000000008003872        0xc Drivers/STM32F4xx_HAL_Driver/Src/stm32f4xx_hal_hcd.o
                0x0000000008003872                HAL_HCD_HC_GetURBState
 .text.HAL_HCD_HC_GetXferCount
                0x000000000800387e        0xa Drivers/STM32F4xx_HAL_Driver/Src/stm32f4xx_hal_hcd.o
                0x000000000800387e                HAL_HCD_HC_GetXferCount
 .text.HAL_HCD_GetCurrentFrame
                0x0000000008003888        0x6 Drivers/STM32F4xx_HAL_Driver/Src/stm32f4xx_hal_hcd.o
                0x0000000008003888                HAL_HCD_GetCurrentFrame
 .text.HAL_HCD_GetCurrentSpeed
                0x000000000800388e        0x6 Drivers/STM32F4xx_HAL_Driver/Src/stm32f4xx_hal_hcd.o
                0x000000000800388e                HAL_HCD_GetCurrentSpeed
 .text.HAL_I2C_Init
                0x0000000008003894      0x224 Drivers/STM32F4xx_HAL_Driver/Src/stm32f4xx_hal_i2c.o
                0x0000000008003894                HAL_I2C_Init
 .text.HAL_RCC_OscConfig
                0x0000000008003ab8      0x438 Drivers/STM32F4xx_HAL_Driver/Src/stm32f4xx_hal_rcc.o
                0x0000000008003ab8                HAL_RCC_OscConfig
 .text.HAL_RCC_GetSysClockFreq
                0x0000000008003ef0       0x5c Drivers/STM32F4xx_HAL_Driver/Src/stm32f4xx_hal_rcc.o
                0x0000000008003ef0                HAL_RCC_GetSysClockFreq
 .text.HAL_RCC_ClockConfig
                0x0000000008003f4c      0x1e8 Drivers/STM32F4xx_HAL_Driver/Src/stm32f4xx_hal_rcc.o
                0x0000000008003f4c                HAL_RCC_ClockConfig
 .text.HAL_RCC_GetPCLK1Freq
                0x0000000008004134       0x20 Drivers/STM32F4xx_HAL_Driver/Src/stm32f4xx_hal_rcc.o
                0x0000000008004134                HAL_RCC_GetPCLK1Freq
 .text.HAL_RCCEx_PeriphCLKConfig
                0x0000000008004154      0x1dc Drivers/STM32F4xx_HAL_Driver/Src/stm32f4xx_hal_rcc_ex.o
                0x0000000008004154                HAL_RCCEx_PeriphCLKConfig
 .text.HAL_RTC_WaitForSynchro
                0x0000000008004330       0x30 Drivers/STM32F4xx_HAL_Driver/Src/stm32f4xx_hal_rtc.o
                0x0000000008004330                HAL_RTC_WaitForSynchro
 .text.RTC_EnterInitMode
                0x0000000008004360       0x34 Drivers/STM32F4xx_HAL_Driver/Src/stm32f4xx_hal_rtc.o
                0x0000000008004360                RTC_EnterInitMode
 .text.HAL_RTC_Init
                0x0000000008004394      0x10c Drivers/STM32F4xx_HAL_Driver/Src/stm32f4xx_hal_rtc.o
                0x0000000008004394                HAL_RTC_Init
 .text.RTC_ByteToBcd2
                0x00000000080044a0       0x16 Drivers/STM32F4xx_HAL_Driver/Src/stm32f4xx_hal_rtc.o
                0x00000000080044a0                RTC_ByteToBcd2
 .text.RTC_Bcd2ToByte
                0x00000000080044b6       0x12 Drivers/STM32F4xx_HAL_Driver/Src/stm32f4xx_hal_rtc.o
                0x00000000080044b6                RTC_Bcd2ToByte
 .text.HAL_RTC_SetTime
                0x00000000080044c8      0x1cc Drivers/STM32F4xx_HAL_Driver/Src/stm32f4xx_hal_rtc.o
                0x00000000080044c8                HAL_RTC_SetTime
 .text.HAL_RTC_GetTime
                0x0000000008004694       0x68 Drivers/STM32F4xx_HAL_Driver/Src/stm32f4xx_hal_rtc.o
                0x0000000008004694                HAL_RTC_GetTime
 .text.HAL_RTC_SetDate
                0x00000000080046fc      0x170 Drivers/STM32F4xx_HAL_Driver/Src/stm32f4xx_hal_rtc.o
                0x00000000080046fc                HAL_RTC_SetDate
 .text.HAL_RTC_GetDate
                0x000000000800486c       0x58 Drivers/STM32F4xx_HAL_Driver/Src/stm32f4xx_hal_rtc.o
                0x000000000800486c                HAL_RTC_GetDate
 .text.SPI_WaitFlagStateUntilTimeout.constprop.7
                0x00000000080048c4       0x76 Drivers/STM32F4xx_HAL_Driver/Src/stm32f4xx_hal_spi.o
 *fill*         0x000000000800493a        0x2 
 .text.SPI_EndRxTxTransaction
                0x000000000800493c       0x58 Drivers/STM32F4xx_HAL_Driver/Src/stm32f4xx_hal_spi.o
 .text.HAL_SPI_Init
                0x0000000008004994      0x160 Drivers/STM32F4xx_HAL_Driver/Src/stm32f4xx_hal_spi.o
                0x0000000008004994                HAL_SPI_Init
 .text.HAL_SPI_Transmit
                0x0000000008004af4      0x164 Drivers/STM32F4xx_HAL_Driver/Src/stm32f4xx_hal_spi.o
                0x0000000008004af4                HAL_SPI_Transmit
 .text.HAL_TIM_Base_Start_IT
                0x0000000008004c58       0xa4 Drivers/STM32F4xx_HAL_Driver/Src/stm32f4xx_hal_tim.o
                0x0000000008004c58                HAL_TIM_Base_Start_IT
 .text.HAL_TIM_OC_DelayElapsedCallback
                0x0000000008004cfc        0x2 Drivers/STM32F4xx_HAL_Driver/Src/stm32f4xx_hal_tim.o
                0x0000000008004cfc                HAL_TIM_OC_DelayElapsedCallback
 .text.HAL_TIM_IC_CaptureCallback
                0x0000000008004cfe        0x2 Drivers/STM32F4xx_HAL_Driver/Src/stm32f4xx_hal_tim.o
                0x0000000008004cfe                HAL_TIM_IC_CaptureCallback
 .text.HAL_TIM_PWM_PulseFinishedCallback
                0x0000000008004d00        0x2 Drivers/STM32F4xx_HAL_Driver/Src/stm32f4xx_hal_tim.o
                0x0000000008004d00                HAL_TIM_PWM_PulseFinishedCallback
 .text.HAL_TIM_TriggerCallback
                0x0000000008004d02        0x2 Drivers/STM32F4xx_HAL_Driver/Src/stm32f4xx_hal_tim.o
                0x0000000008004d02                HAL_TIM_TriggerCallback
 .text.HAL_TIM_IRQHandler
                0x0000000008004d04      0x144 Drivers/STM32F4xx_HAL_Driver/Src/stm32f4xx_hal_tim.o
                0x0000000008004d04                HAL_TIM_IRQHandler
 .text.TIM_Base_SetConfig
                0x0000000008004e48       0xcc Drivers/STM32F4xx_HAL_Driver/Src/stm32f4xx_hal_tim.o
                0x0000000008004e48                TIM_Base_SetConfig
 .text.HAL_TIM_Base_Init
                0x0000000008004f14      0x100 Drivers/STM32F4xx_HAL_Driver/Src/stm32f4xx_hal_tim.o
                0x0000000008004f14                HAL_TIM_Base_Init
 .text.TIM_ETR_SetConfig
                0x0000000008005014       0x14 Drivers/STM32F4xx_HAL_Driver/Src/stm32f4xx_hal_tim.o
                0x0000000008005014                TIM_ETR_SetConfig
 .text.HAL_TIM_ConfigClockSource
                0x0000000008005028      0x4a4 Drivers/STM32F4xx_HAL_Driver/Src/stm32f4xx_hal_tim.o
                0x0000000008005028                HAL_TIM_ConfigClockSource
 .text.HAL_TIMEx_MasterConfigSynchronization
                0x00000000080054cc       0xf8 Drivers/STM32F4xx_HAL_Driver/Src/stm32f4xx_hal_tim_ex.o
                0x00000000080054cc                HAL_TIMEx_MasterConfigSynchronization
 .text.HAL_TIMEx_CommutCallback
                0x00000000080055c4        0x2 Drivers/STM32F4xx_HAL_Driver/Src/stm32f4xx_hal_tim_ex.o
                0x00000000080055c4                HAL_TIMEx_CommutCallback
 .text.HAL_TIMEx_BreakCallback
                0x00000000080055c6        0x2 Drivers/STM32F4xx_HAL_Driver/Src/stm32f4xx_hal_tim_ex.o
                0x00000000080055c6                HAL_TIMEx_BreakCallback
 .text.USB_CoreReset
                0x00000000080055c8       0x30 Drivers/STM32F4xx_HAL_Driver/Src/stm32f4xx_ll_usb.o
 .text.USB_CoreInit
                0x00000000080055f8       0x80 Drivers/STM32F4xx_HAL_Driver/Src/stm32f4xx_ll_usb.o
                0x00000000080055f8                USB_CoreInit
 .text.USB_EnableGlobalInt
                0x0000000008005678        0xc Drivers/STM32F4xx_HAL_Driver/Src/stm32f4xx_ll_usb.o
                0x0000000008005678                USB_EnableGlobalInt
 .text.USB_DisableGlobalInt
                0x0000000008005684        0xc Drivers/STM32F4xx_HAL_Driver/Src/stm32f4xx_ll_usb.o
                0x0000000008005684                USB_DisableGlobalInt
 .text.USB_SetCurrentMode
                0x0000000008005690       0x2e Drivers/STM32F4xx_HAL_Driver/Src/stm32f4xx_ll_usb.o
                0x0000000008005690                USB_SetCurrentMode
 *fill*         0x00000000080056be        0x2 
 .text.USB_FlushTxFifo
                0x00000000080056c0       0x24 Drivers/STM32F4xx_HAL_Driver/Src/stm32f4xx_ll_usb.o
                0x00000000080056c0                USB_FlushTxFifo
 .text.USB_FlushRxFifo
                0x00000000080056e4       0x20 Drivers/STM32F4xx_HAL_Driver/Src/stm32f4xx_ll_usb.o
                0x00000000080056e4                USB_FlushRxFifo
 .text.USB_WritePacket
                0x0000000008005704       0x28 Drivers/STM32F4xx_HAL_Driver/Src/stm32f4xx_ll_usb.o
                0x0000000008005704                USB_WritePacket
 .text.USB_ReadPacket
                0x000000000800572c       0x1c Drivers/STM32F4xx_HAL_Driver/Src/stm32f4xx_ll_usb.o
                0x000000000800572c                USB_ReadPacket
 .text.USB_ReadInterrupts
                0x0000000008005748        0x8 Drivers/STM32F4xx_HAL_Driver/Src/stm32f4xx_ll_usb.o
                0x0000000008005748                USB_ReadInterrupts
 .text.USB_GetMode
                0x0000000008005750        0x8 Drivers/STM32F4xx_HAL_Driver/Src/stm32f4xx_ll_usb.o
                0x0000000008005750                USB_GetMode
 .text.USB_InitFSLSPClkSel
                0x0000000008005758       0x38 Drivers/STM32F4xx_HAL_Driver/Src/stm32f4xx_ll_usb.o
                0x0000000008005758                USB_InitFSLSPClkSel
 .text.USB_ResetPort
                0x0000000008005790       0x3c Drivers/STM32F4xx_HAL_Driver/Src/stm32f4xx_ll_usb.o
                0x0000000008005790                USB_ResetPort
 .text.USB_DriveVbus
                0x00000000080057cc       0x40 Drivers/STM32F4xx_HAL_Driver/Src/stm32f4xx_ll_usb.o
                0x00000000080057cc                USB_DriveVbus
 .text.USB_HostInit
                0x000000000800580c       0xe0 Drivers/STM32F4xx_HAL_Driver/Src/stm32f4xx_ll_usb.o
                0x000000000800580c                USB_HostInit
 .text.USB_GetHostSpeed
                0x00000000080058ec       0x16 Drivers/STM32F4xx_HAL_Driver/Src/stm32f4xx_ll_usb.o
                0x00000000080058ec                USB_GetHostSpeed
 .text.USB_GetCurrentFrame
                0x0000000008005902        0xa Drivers/STM32F4xx_HAL_Driver/Src/stm32f4xx_ll_usb.o
                0x0000000008005902                USB_GetCurrentFrame
 .text.USB_HC_Init
                0x000000000800590c      0x106 Drivers/STM32F4xx_HAL_Driver/Src/stm32f4xx_ll_usb.o
                0x000000000800590c                USB_HC_Init
 .text.USB_HC_ReadInterrupt
                0x0000000008005a12        0xa Drivers/STM32F4xx_HAL_Driver/Src/stm32f4xx_ll_usb.o
                0x0000000008005a12                USB_HC_ReadInterrupt
 .text.USB_HC_Halt
                0x0000000008005a1c       0xa4 Drivers/STM32F4xx_HAL_Driver/Src/stm32f4xx_ll_usb.o
                0x0000000008005a1c                USB_HC_Halt
 .text.USB_DoPing
                0x0000000008005ac0       0x24 Drivers/STM32F4xx_HAL_Driver/Src/stm32f4xx_ll_usb.o
                0x0000000008005ac0                USB_DoPing
 .text.USB_HC_StartXfer
                0x0000000008005ae4      0x158 Drivers/STM32F4xx_HAL_Driver/Src/stm32f4xx_ll_usb.o
                0x0000000008005ae4                USB_HC_StartXfer
 .text.USB_StopHost
                0x0000000008005c3c       0x6c Drivers/STM32F4xx_HAL_Driver/Src/stm32f4xx_ll_usb.o
                0x0000000008005c3c                USB_StopHost
 .text.MX_FATFS_Init
                0x0000000008005ca8       0x1c FATFS/App/fatfs.o
                0x0000000008005ca8                MX_FATFS_Init
 .text.get_fattime
                0x0000000008005cc4        0x4 FATFS/App/fatfs.o
                0x0000000008005cc4                get_fattime
 .text.USBH_initialize
                0x0000000008005cc8        0x4 FATFS/Target/usbh_diskio.o
                0x0000000008005cc8                USBH_initialize
 .text.USBH_status
                0x0000000008005ccc       0x18 FATFS/Target/usbh_diskio.o
                0x0000000008005ccc                USBH_status
 .text.USBH_read
                0x0000000008005ce4       0x3c FATFS/Target/usbh_diskio.o
                0x0000000008005ce4                USBH_read
 .text.USBH_ioctl
                0x0000000008005d20       0x60 FATFS/Target/usbh_diskio.o
                0x0000000008005d20                USBH_ioctl
 .text.USBH_write
                0x0000000008005d80       0x48 FATFS/Target/usbh_diskio.o
                0x0000000008005d80                USBH_write
 .text.LCD5110_set_cursor
                0x0000000008005dc8        0xa LCD5110/Src/lcd5110.o
                0x0000000008005dc8                LCD5110_set_cursor
 .text.LCD5110_clear_scr
                0x0000000008005dd2       0x14 LCD5110/Src/lcd5110.o
                0x0000000008005dd2                LCD5110_clear_scr
 *fill*         0x0000000008005de6        0x2 
 .text.LCD5110_wputchar
                0x0000000008005de8       0x60 LCD5110/Src/lcd5110.o
                0x0000000008005de8                LCD5110_wputchar
 .text.LCD5110_wendl
                0x0000000008005e48       0x16 LCD5110/Src/lcd5110.o
                0x0000000008005e48                LCD5110_wendl
 .text.LCD5110_wprint
                0x0000000008005e5e       0x70 LCD5110/Src/lcd5110.o
                0x0000000008005e5e                LCD5110_wprint
 .text.LCD5110_print
                0x0000000008005ece        0xa LCD5110/Src/lcd5110.o
                0x0000000008005ece                LCD5110_print
 .text.LCD5110_printf
                0x0000000008005ed8       0x3e LCD5110/Src/lcd5110.o
                0x0000000008005ed8                LCD5110_printf
 .text.LCD5110_clrscr
                0x0000000008005f16       0x14 LCD5110/Src/lcd5110_hal.o
                0x0000000008005f16                LCD5110_clrscr
 .text.LCD5110_putpix
                0x0000000008005f2a       0x2e LCD5110/Src/lcd5110_hal.o
                0x0000000008005f2a                LCD5110_putpix
 .text.LCD5110_drawBitmap
                0x0000000008005f58       0x58 LCD5110/Src/lcd5110_hal.o
                0x0000000008005f58                LCD5110_drawBitmap
 .text.LCD5110_DC_off
                0x0000000008005fb0        0xa LCD5110/Src/lcd5110_ll.o
 .text.LCD5110_DC_on
                0x0000000008005fba        0xa LCD5110/Src/lcd5110_ll.o
 .text.send_byte_to_LCD5110.isra.1
                0x0000000008005fc4       0x1a LCD5110/Src/lcd5110_ll.o
 .text.LCD5110_init
                0x0000000008005fde       0xa0 LCD5110/Src/lcd5110_ll.o
                0x0000000008005fde                LCD5110_init
 .text.LCD5110_refresh_ll
                0x000000000800607e       0x40 LCD5110/Src/lcd5110_ll.o
                0x000000000800607e                LCD5110_refresh_ll
 .text.USBH_MSC_SOFProcess
                0x00000000080060be        0x4 Middlewares/ST/STM32_USB_Host_Library/Class/MSC/Src/usbh_msc.o
 *fill*         0x00000000080060c2        0x2 
 .text.USBH_MSC_Process
                0x00000000080060c4      0x1e4 Middlewares/ST/STM32_USB_Host_Library/Class/MSC/Src/usbh_msc.o
 .text.USBH_MSC_ClassRequest
                0x00000000080062a8       0x6a Middlewares/ST/STM32_USB_Host_Library/Class/MSC/Src/usbh_msc.o
 .text.USBH_MSC_InterfaceDeInit
                0x0000000008006312       0x4c Middlewares/ST/STM32_USB_Host_Library/Class/MSC/Src/usbh_msc.o
 .text.USBH_MSC_InterfaceInit
                0x000000000800635e       0xfc Middlewares/ST/STM32_USB_Host_Library/Class/MSC/Src/usbh_msc.o
 .text.USBH_MSC_RdWrProcess
                0x000000000800645a       0x76 Middlewares/ST/STM32_USB_Host_Library/Class/MSC/Src/usbh_msc.o
 .text.USBH_MSC_UnitIsReady
                0x00000000080064d0       0x22 Middlewares/ST/STM32_USB_Host_Library/Class/MSC/Src/usbh_msc.o
                0x00000000080064d0                USBH_MSC_UnitIsReady
 .text.USBH_MSC_GetLUNInfo
                0x00000000080064f2       0x30 Middlewares/ST/STM32_USB_Host_Library/Class/MSC/Src/usbh_msc.o
                0x00000000080064f2                USBH_MSC_GetLUNInfo
 .text.USBH_MSC_Read
                0x0000000008006522       0x86 Middlewares/ST/STM32_USB_Host_Library/Class/MSC/Src/usbh_msc.o
                0x0000000008006522                USBH_MSC_Read
 .text.USBH_MSC_Write
                0x00000000080065a8       0x86 Middlewares/ST/STM32_USB_Host_Library/Class/MSC/Src/usbh_msc.o
                0x00000000080065a8                USBH_MSC_Write
 .text.USBH_MSC_BOT_REQ_Reset
                0x000000000800662e       0x10 Middlewares/ST/STM32_USB_Host_Library/Class/MSC/Src/usbh_msc_bot.o
                0x000000000800662e                USBH_MSC_BOT_REQ_Reset
 .text.USBH_MSC_BOT_REQ_GetMaxLUN
                0x000000000800663e       0x12 Middlewares/ST/STM32_USB_Host_Library/Class/MSC/Src/usbh_msc_bot.o
                0x000000000800663e                USBH_MSC_BOT_REQ_GetMaxLUN
 .text.USBH_MSC_BOT_Init
                0x0000000008006650       0x24 Middlewares/ST/STM32_USB_Host_Library/Class/MSC/Src/usbh_msc_bot.o
                0x0000000008006650                USBH_MSC_BOT_Init
 .text.USBH_MSC_BOT_Process
                0x0000000008006674      0x1dc Middlewares/ST/STM32_USB_Host_Library/Class/MSC/Src/usbh_msc_bot.o
                0x0000000008006674                USBH_MSC_BOT_Process
 .text.USBH_MSC_SCSI_TestUnitReady
                0x0000000008006850       0x4c Middlewares/ST/STM32_USB_Host_Library/Class/MSC/Src/usbh_msc_scsi.o
                0x0000000008006850                USBH_MSC_SCSI_TestUnitReady
 .text.USBH_MSC_SCSI_ReadCapacity
                0x000000000800689c       0x68 Middlewares/ST/STM32_USB_Host_Library/Class/MSC/Src/usbh_msc_scsi.o
                0x000000000800689c                USBH_MSC_SCSI_ReadCapacity
 .text.USBH_MSC_SCSI_Inquiry
                0x0000000008006904       0xd8 Middlewares/ST/STM32_USB_Host_Library/Class/MSC/Src/usbh_msc_scsi.o
                0x0000000008006904                USBH_MSC_SCSI_Inquiry
 .text.USBH_MSC_SCSI_RequestSense
                0x00000000080069dc       0x92 Middlewares/ST/STM32_USB_Host_Library/Class/MSC/Src/usbh_msc_scsi.o
                0x00000000080069dc                USBH_MSC_SCSI_RequestSense
 .text.USBH_MSC_SCSI_Write
                0x0000000008006a6e       0x88 Middlewares/ST/STM32_USB_Host_Library/Class/MSC/Src/usbh_msc_scsi.o
                0x0000000008006a6e                USBH_MSC_SCSI_Write
 .text.USBH_MSC_SCSI_Read
                0x0000000008006af6       0x8a Middlewares/ST/STM32_USB_Host_Library/Class/MSC/Src/usbh_msc_scsi.o
                0x0000000008006af6                USBH_MSC_SCSI_Read
 .text.DeInitStateMachine
                0x0000000008006b80       0x44 Middlewares/ST/STM32_USB_Host_Library/Core/Src/usbh_core.o
 .text.USBH_Init
                0x0000000008006bc4       0x3e Middlewares/ST/STM32_USB_Host_Library/Core/Src/usbh_core.o
                0x0000000008006bc4                USBH_Init
 .text.USBH_RegisterClass
                0x0000000008006c02       0x1a Middlewares/ST/STM32_USB_Host_Library/Core/Src/usbh_core.o
                0x0000000008006c02                USBH_RegisterClass
 .text.USBH_SelectInterface
                0x0000000008006c1c       0x12 Middlewares/ST/STM32_USB_Host_Library/Core/Src/usbh_core.o
                0x0000000008006c1c                USBH_SelectInterface
 .text.USBH_FindInterface
                0x0000000008006c2e       0x38 Middlewares/ST/STM32_USB_Host_Library/Core/Src/usbh_core.o
                0x0000000008006c2e                USBH_FindInterface
 .text.USBH_Start
                0x0000000008006c66       0x14 Middlewares/ST/STM32_USB_Host_Library/Core/Src/usbh_core.o
                0x0000000008006c66                USBH_Start
 .text.USBH_Process
                0x0000000008006c7a      0x39c Middlewares/ST/STM32_USB_Host_Library/Core/Src/usbh_core.o
                0x0000000008006c7a                USBH_Process
 .text.USBH_LL_SetTimer
                0x0000000008007016        0x6 Middlewares/ST/STM32_USB_Host_Library/Core/Src/usbh_core.o
                0x0000000008007016                USBH_LL_SetTimer
 .text.USBH_LL_IncTimer
                0x000000000800701c       0x1c Middlewares/ST/STM32_USB_Host_Library/Core/Src/usbh_core.o
                0x000000000800701c                USBH_LL_IncTimer
 .text.USBH_LL_PortEnabled
                0x0000000008007038        0x8 Middlewares/ST/STM32_USB_Host_Library/Core/Src/usbh_core.o
                0x0000000008007038                USBH_LL_PortEnabled
 .text.USBH_LL_PortDisabled
                0x0000000008007040        0x8 Middlewares/ST/STM32_USB_Host_Library/Core/Src/usbh_core.o
                0x0000000008007040                USBH_LL_PortDisabled
 .text.USBH_LL_Connect
                0x0000000008007048       0x14 Middlewares/ST/STM32_USB_Host_Library/Core/Src/usbh_core.o
                0x0000000008007048                USBH_LL_Connect
 .text.USBH_LL_Disconnect
                0x000000000800705c       0x2c Middlewares/ST/STM32_USB_Host_Library/Core/Src/usbh_core.o
                0x000000000800705c                USBH_LL_Disconnect
 .text.USBH_CtlReq
                0x0000000008007088      0x188 Middlewares/ST/STM32_USB_Host_Library/Core/Src/usbh_ctlreq.o
                0x0000000008007088                USBH_CtlReq
 .text.USBH_GetDescriptor
                0x0000000008007210       0x38 Middlewares/ST/STM32_USB_Host_Library/Core/Src/usbh_ctlreq.o
                0x0000000008007210                USBH_GetDescriptor
 .text.USBH_Get_DevDesc
                0x0000000008007248       0x90 Middlewares/ST/STM32_USB_Host_Library/Core/Src/usbh_ctlreq.o
                0x0000000008007248                USBH_Get_DevDesc
 .text.USBH_Get_CfgDesc
                0x00000000080072d8      0x11a Middlewares/ST/STM32_USB_Host_Library/Core/Src/usbh_ctlreq.o
                0x00000000080072d8                USBH_Get_CfgDesc
 .text.USBH_Get_StringDesc
                0x00000000080073f2       0x4e Middlewares/ST/STM32_USB_Host_Library/Core/Src/usbh_ctlreq.o
                0x00000000080073f2                USBH_Get_StringDesc
 .text.USBH_SetAddress
                0x0000000008007440       0x1a Middlewares/ST/STM32_USB_Host_Library/Core/Src/usbh_ctlreq.o
                0x0000000008007440                USBH_SetAddress
 .text.USBH_SetCfg
                0x000000000800745a       0x1a Middlewares/ST/STM32_USB_Host_Library/Core/Src/usbh_ctlreq.o
                0x000000000800745a                USBH_SetCfg
 .text.USBH_SetFeature
                0x0000000008007474       0x1a Middlewares/ST/STM32_USB_Host_Library/Core/Src/usbh_ctlreq.o
                0x0000000008007474                USBH_SetFeature
 .text.USBH_ClrFeature
                0x000000000800748e       0x1a Middlewares/ST/STM32_USB_Host_Library/Core/Src/usbh_ctlreq.o
                0x000000000800748e                USBH_ClrFeature
 .text.USBH_CtlSendSetup
                0x00000000080074a8       0x22 Middlewares/ST/STM32_USB_Host_Library/Core/Src/usbh_ioreq.o
                0x00000000080074a8                USBH_CtlSendSetup
 .text.USBH_CtlSendData
                0x00000000080074ca       0x2e Middlewares/ST/STM32_USB_Host_Library/Core/Src/usbh_ioreq.o
                0x00000000080074ca                USBH_CtlSendData
 .text.USBH_CtlReceiveData
                0x00000000080074f8       0x20 Middlewares/ST/STM32_USB_Host_Library/Core/Src/usbh_ioreq.o
                0x00000000080074f8                USBH_CtlReceiveData
 .text.USBH_BulkSendData
                0x0000000008007518       0x2e Middlewares/ST/STM32_USB_Host_Library/Core/Src/usbh_ioreq.o
                0x0000000008007518                USBH_BulkSendData
 .text.USBH_BulkReceiveData
                0x0000000008007546       0x20 Middlewares/ST/STM32_USB_Host_Library/Core/Src/usbh_ioreq.o
                0x0000000008007546                USBH_BulkReceiveData
 .text.USBH_OpenPipe
                0x0000000008007566       0x1e Middlewares/ST/STM32_USB_Host_Library/Core/Src/usbh_pipes.o
                0x0000000008007566                USBH_OpenPipe
 .text.USBH_ClosePipe
                0x0000000008007584        0xa Middlewares/ST/STM32_USB_Host_Library/Core/Src/usbh_pipes.o
                0x0000000008007584                USBH_ClosePipe
 .text.USBH_AllocPipe
                0x000000000800758e       0x30 Middlewares/ST/STM32_USB_Host_Library/Core/Src/usbh_pipes.o
                0x000000000800758e                USBH_AllocPipe
 .text.USBH_FreePipe
                0x00000000080075be       0x18 Middlewares/ST/STM32_USB_Host_Library/Core/Src/usbh_pipes.o
                0x00000000080075be                USBH_FreePipe
 *fill*         0x00000000080075d6        0x2 
 .text.disk_status
                0x00000000080075d8       0x14 Middlewares/Third_Party/FatFs/src/diskio.o
                0x00000000080075d8                disk_status
 .text.disk_initialize
                0x00000000080075ec       0x20 Middlewares/Third_Party/FatFs/src/diskio.o
                0x00000000080075ec                disk_initialize
 .text.disk_read
                0x000000000800760c       0x1c Middlewares/Third_Party/FatFs/src/diskio.o
                0x000000000800760c                disk_read
 .text.disk_write
                0x0000000008007628       0x1c Middlewares/Third_Party/FatFs/src/diskio.o
                0x0000000008007628                disk_write
 .text.disk_ioctl
                0x0000000008007644       0x1c Middlewares/Third_Party/FatFs/src/diskio.o
                0x0000000008007644                disk_ioctl
 .text.ld_dword
                0x0000000008007660       0x10 Middlewares/Third_Party/FatFs/src/ff.o
 .text.st_dword
                0x0000000008007670       0x10 Middlewares/Third_Party/FatFs/src/ff.o
 .text.mem_set  0x0000000008007680        0xc Middlewares/Third_Party/FatFs/src/ff.o
 .text.chk_lock
                0x000000000800768c       0x58 Middlewares/Third_Party/FatFs/src/ff.o
 .text.inc_lock
                0x00000000080076e4       0x84 Middlewares/Third_Party/FatFs/src/ff.o
 .text.dec_lock
                0x0000000008007768       0x38 Middlewares/Third_Party/FatFs/src/ff.o
 .text.clust2sect
                0x00000000080077a0       0x16 Middlewares/Third_Party/FatFs/src/ff.o
 .text.clmt_clust
                0x00000000080077b6       0x22 Middlewares/Third_Party/FatFs/src/ff.o
 .text.sum_sfn  0x00000000080077d8       0x1e Middlewares/Third_Party/FatFs/src/ff.o
 .text.get_ldnumber
                0x00000000080077f6       0x30 Middlewares/Third_Party/FatFs/src/ff.o
 .text.validate
                0x0000000008007826       0x34 Middlewares/Third_Party/FatFs/src/ff.o
 .text.mem_cpy.part.0
                0x000000000800785a       0x12 Middlewares/Third_Party/FatFs/src/ff.o
 .text.ld_clust.isra.1
                0x000000000800786c       0x1c Middlewares/Third_Party/FatFs/src/ff.o
 .text.st_clust.isra.2
                0x0000000008007888       0x18 Middlewares/Third_Party/FatFs/src/ff.o
 .text.sync_window.part.3
                0x00000000080078a0       0x46 Middlewares/Third_Party/FatFs/src/ff.o
 .text.sync_window
                0x00000000080078e6        0xc Middlewares/Third_Party/FatFs/src/ff.o
 .text.move_window
                0x00000000080078f2       0x36 Middlewares/Third_Party/FatFs/src/ff.o
 .text.check_fs
                0x0000000008007928       0x80 Middlewares/Third_Party/FatFs/src/ff.o
 .text.find_volume
                0x00000000080079a8      0x2c0 Middlewares/Third_Party/FatFs/src/ff.o
 .text.put_fat  0x0000000008007c68       0xf8 Middlewares/Third_Party/FatFs/src/ff.o
 .text.get_fat.isra.7
                0x0000000008007d60       0xb4 Middlewares/Third_Party/FatFs/src/ff.o
 .text.dir_sdi  0x0000000008007e14       0x84 Middlewares/Third_Party/FatFs/src/ff.o
 .text.create_chain
                0x0000000008007e98       0xb0 Middlewares/Third_Party/FatFs/src/ff.o
 .text.remove_chain
                0x0000000008007f48       0x6e Middlewares/Third_Party/FatFs/src/ff.o
 .text.sync_fs  0x0000000008007fb6       0x96 Middlewares/Third_Party/FatFs/src/ff.o
 .text.dir_next
                0x000000000800804c       0xea Middlewares/Third_Party/FatFs/src/ff.o
 *fill*         0x0000000008008136        0x2 
 .text.dir_find
                0x0000000008008138      0x164 Middlewares/Third_Party/FatFs/src/ff.o
 .text.dir_register
                0x000000000800829c      0x26c Middlewares/Third_Party/FatFs/src/ff.o
 .text.follow_path
                0x0000000008008508      0x26c Middlewares/Third_Party/FatFs/src/ff.o
 .text.f_mount  0x0000000008008774       0x70 Middlewares/Third_Party/FatFs/src/ff.o
                0x0000000008008774                f_mount
 .text.f_open   0x00000000080087e4      0x21c Middlewares/Third_Party/FatFs/src/ff.o
                0x00000000080087e4                f_open
 .text.f_read   0x0000000008008a00      0x15a Middlewares/Third_Party/FatFs/src/ff.o
                0x0000000008008a00                f_read
 .text.f_write  0x0000000008008b5a      0x18c Middlewares/Third_Party/FatFs/src/ff.o
                0x0000000008008b5a                f_write
 .text.f_sync   0x0000000008008ce6       0x90 Middlewares/Third_Party/FatFs/src/ff.o
                0x0000000008008ce6                f_sync
 .text.f_close  0x0000000008008d76       0x22 Middlewares/Third_Party/FatFs/src/ff.o
                0x0000000008008d76                f_close
 .text.FATFS_LinkDriverEx
                0x0000000008008d98       0x44 Middlewares/Third_Party/FatFs/src/ff_gen_drv.o
                0x0000000008008d98                FATFS_LinkDriverEx
 .text.FATFS_LinkDriver
                0x0000000008008ddc        0x6 Middlewares/Third_Party/FatFs/src/ff_gen_drv.o
                0x0000000008008ddc                FATFS_LinkDriver
 *fill*         0x0000000008008de2        0x2 
 .text.ff_convert
                0x0000000008008de4       0x3c Middlewares/Third_Party/FatFs/src/option/ccsbcs.o
                0x0000000008008de4                ff_convert
 .text.ff_wtoupper
                0x0000000008008e20       0x84 Middlewares/Third_Party/FatFs/src/option/ccsbcs.o
                0x0000000008008e20                ff_wtoupper
 .text.USBH_UserProcess
                0x0000000008008ea4       0x24 USB_HOST/App/usb_host.o
 .text.MX_USB_HOST_Init
                0x0000000008008ec8       0x40 USB_HOST/App/usb_host.o
                0x0000000008008ec8                MX_USB_HOST_Init
 .text.MX_USB_HOST_Process
                0x0000000008008f08        0xc USB_HOST/App/usb_host.o
                0x0000000008008f08                MX_USB_HOST_Process
 .text.HAL_HCD_MspInit
                0x0000000008008f14       0x90 USB_HOST/Target/usbh_conf.o
                0x0000000008008f14                HAL_HCD_MspInit
 .text.HAL_HCD_SOF_Callback
                0x0000000008008fa4        0x8 USB_HOST/Target/usbh_conf.o
                0x0000000008008fa4                HAL_HCD_SOF_Callback
 .text.HAL_HCD_Connect_Callback
                0x0000000008008fac        0x8 USB_HOST/Target/usbh_conf.o
                0x0000000008008fac                HAL_HCD_Connect_Callback
 .text.HAL_HCD_Disconnect_Callback
                0x0000000008008fb4        0x8 USB_HOST/Target/usbh_conf.o
                0x0000000008008fb4                HAL_HCD_Disconnect_Callback
 .text.HAL_HCD_HC_NotifyURBChange_Callback
                0x0000000008008fbc        0x2 USB_HOST/Target/usbh_conf.o
                0x0000000008008fbc                HAL_HCD_HC_NotifyURBChange_Callback
 .text.HAL_HCD_PortEnabled_Callback
                0x0000000008008fbe        0x8 USB_HOST/Target/usbh_conf.o
                0x0000000008008fbe                HAL_HCD_PortEnabled_Callback
 .text.HAL_HCD_PortDisabled_Callback
                0x0000000008008fc6        0x8 USB_HOST/Target/usbh_conf.o
                0x0000000008008fc6                HAL_HCD_PortDisabled_Callback
 *fill*         0x0000000008008fce        0x2 
 .text.USBH_LL_Init
                0x0000000008008fd0       0x4c USB_HOST/Target/usbh_conf.o
                0x0000000008008fd0                USBH_LL_Init
 .text.USBH_LL_Start
                0x000000000800901c       0x1c USB_HOST/Target/usbh_conf.o
                0x000000000800901c                USBH_LL_Start
 .text.USBH_LL_Stop
                0x0000000008009038       0x1c USB_HOST/Target/usbh_conf.o
                0x0000000008009038                USBH_LL_Stop
 .text.USBH_LL_GetSpeed
                0x0000000008009054       0x1c USB_HOST/Target/usbh_conf.o
                0x0000000008009054                USBH_LL_GetSpeed
 .text.USBH_LL_ResetPort
                0x0000000008009070       0x1c USB_HOST/Target/usbh_conf.o
                0x0000000008009070                USBH_LL_ResetPort
 .text.USBH_LL_GetLastXferSize
                0x000000000800908c        0x8 USB_HOST/Target/usbh_conf.o
                0x000000000800908c                USBH_LL_GetLastXferSize
 .text.USBH_LL_OpenPipe
                0x0000000008009094       0x30 USB_HOST/Target/usbh_conf.o
                0x0000000008009094                USBH_LL_OpenPipe
 .text.USBH_LL_ClosePipe
                0x00000000080090c4       0x1c USB_HOST/Target/usbh_conf.o
                0x00000000080090c4                USBH_LL_ClosePipe
 .text.USBH_LL_SubmitURB
                0x00000000080090e0       0x34 USB_HOST/Target/usbh_conf.o
                0x00000000080090e0                USBH_LL_SubmitURB
 .text.USBH_LL_GetURBState
                0x0000000008009114        0x8 USB_HOST/Target/usbh_conf.o
                0x0000000008009114                USBH_LL_GetURBState
 .text.USBH_LL_DriverVBUS
                0x000000000800911c       0x1a USB_HOST/Target/usbh_conf.o
                0x000000000800911c                USBH_LL_DriverVBUS
 .text.USBH_LL_SetToggle
                0x0000000008009136       0x1e USB_HOST/Target/usbh_conf.o
                0x0000000008009136                USBH_LL_SetToggle
 .text.USBH_LL_GetToggle
                0x0000000008009154       0x1c USB_HOST/Target/usbh_conf.o
                0x0000000008009154                USBH_LL_GetToggle
 .text.USBH_Delay
                0x0000000008009170        0x4 USB_HOST/Target/usbh_conf.o
                0x0000000008009170                USBH_Delay
 .text.MX_DriverVbusFS
                0x0000000008009174       0x14 USB_HOST/Target/usbh_platform.o
                0x0000000008009174                MX_DriverVbusFS
 .text.arm_max_f32
                0x0000000008009188       0xd0 /Users/mprotsyk/UCU/POC/project_new/Bat_Detector_407/libs/libarm_cortexM4lf_math.a(arm_max_f32.o)
                0x0000000008009188                arm_max_f32
 .text.arm_cfft_radix8by2_f32
                0x0000000008009258      0x1a4 /Users/mprotsyk/UCU/POC/project_new/Bat_Detector_407/libs/libarm_cortexM4lf_math.a(arm_cfft_f32.o)
                0x0000000008009258                arm_cfft_radix8by2_f32
 .text.arm_cfft_radix8by4_f32
                0x00000000080093fc      0x4bc /Users/mprotsyk/UCU/POC/project_new/Bat_Detector_407/libs/libarm_cortexM4lf_math.a(arm_cfft_f32.o)
                0x00000000080093fc                arm_cfft_radix8by4_f32
 .text.arm_cfft_f32
                0x00000000080098b8       0xf4 /Users/mprotsyk/UCU/POC/project_new/Bat_Detector_407/libs/libarm_cortexM4lf_math.a(arm_cfft_f32.o)
                0x00000000080098b8                arm_cfft_f32
 .text.arm_fir_init_f32
                0x00000000080099ac       0x24 /Users/mprotsyk/UCU/POC/project_new/Bat_Detector_407/libs/libarm_cortexM4lf_math.a(arm_fir_init_f32.o)
                0x00000000080099ac                arm_fir_init_f32
 .text.arm_fir_f32
                0x00000000080099d0      0x4c8 /Users/mprotsyk/UCU/POC/project_new/Bat_Detector_407/libs/libarm_cortexM4lf_math.a(arm_fir_f32.o)
                0x00000000080099d0                arm_fir_f32
 .text.arm_cmplx_mag_f32
                0x0000000008009e98      0x1d0 /Users/mprotsyk/UCU/POC/project_new/Bat_Detector_407/libs/libarm_cortexM4lf_math.a(arm_cmplx_mag_f32.o)
                0x0000000008009e98                arm_cmplx_mag_f32
 .text.arm_radix8_butterfly_f32
                0x000000000800a068      0x5c4 /Users/mprotsyk/UCU/POC/project_new/Bat_Detector_407/libs/libarm_cortexM4lf_math.a(arm_cfft_radix8_f32.o)
                0x000000000800a068                arm_radix8_butterfly_f32
 .text.__errno  0x000000000800a62c        0xc /Applications/STM32CubeIDE.app/Contents/Eclipse/plugins/com.st.stm32cube.ide.mcu.externaltools.gnu-tools-for-stm32.7-2018-q2-update.macos64_1.4.0.202007081208/tools/bin/../lib/gcc/arm-none-eabi/7.3.1/../../../../arm-none-eabi/lib/thumb/v7e-m/fpv4-sp/hard/libc_nano.a(lib_a-errno.o)
                0x000000000800a62c                __errno
 .text.__libc_init_array
                0x000000000800a638       0x48 /Applications/STM32CubeIDE.app/Contents/Eclipse/plugins/com.st.stm32cube.ide.mcu.externaltools.gnu-tools-for-stm32.7-2018-q2-update.macos64_1.4.0.202007081208/tools/bin/../lib/gcc/arm-none-eabi/7.3.1/../../../../arm-none-eabi/lib/thumb/v7e-m/fpv4-sp/hard/libc_nano.a(lib_a-init.o)
                0x000000000800a638                __libc_init_array
 .text.__locale_ctype_ptr
                0x000000000800a680       0x1c /Applications/STM32CubeIDE.app/Contents/Eclipse/plugins/com.st.stm32cube.ide.mcu.externaltools.gnu-tools-for-stm32.7-2018-q2-update.macos64_1.4.0.202007081208/tools/bin/../lib/gcc/arm-none-eabi/7.3.1/../../../../arm-none-eabi/lib/thumb/v7e-m/fpv4-sp/hard/libc_nano.a(lib_a-locale.o)
                0x000000000800a680                __locale_ctype_ptr
 .text.malloc   0x000000000800a69c       0x10 /Applications/STM32CubeIDE.app/Contents/Eclipse/plugins/com.st.stm32cube.ide.mcu.externaltools.gnu-tools-for-stm32.7-2018-q2-update.macos64_1.4.0.202007081208/tools/bin/../lib/gcc/arm-none-eabi/7.3.1/../../../../arm-none-eabi/lib/thumb/v7e-m/fpv4-sp/hard/libc_nano.a(lib_a-malloc.o)
                0x000000000800a69c                malloc
 .text.free     0x000000000800a6ac       0x10 /Applications/STM32CubeIDE.app/Contents/Eclipse/plugins/com.st.stm32cube.ide.mcu.externaltools.gnu-tools-for-stm32.7-2018-q2-update.macos64_1.4.0.202007081208/tools/bin/../lib/gcc/arm-none-eabi/7.3.1/../../../../arm-none-eabi/lib/thumb/v7e-m/fpv4-sp/hard/libc_nano.a(lib_a-malloc.o)
                0x000000000800a6ac                free
 .text.__ascii_mbtowc
                0x000000000800a6bc       0x24 /Applications/STM32CubeIDE.app/Contents/Eclipse/plugins/com.st.stm32cube.ide.mcu.externaltools.gnu-tools-for-stm32.7-2018-q2-update.macos64_1.4.0.202007081208/tools/bin/../lib/gcc/arm-none-eabi/7.3.1/../../../../arm-none-eabi/lib/thumb/v7e-m/fpv4-sp/hard/libc_nano.a(lib_a-mbtowc_r.o)
                0x000000000800a6bc                __ascii_mbtowc
 .text.memset   0x000000000800a6e0       0x10 /Applications/STM32CubeIDE.app/Contents/Eclipse/plugins/com.st.stm32cube.ide.mcu.externaltools.gnu-tools-for-stm32.7-2018-q2-update.macos64_1.4.0.202007081208/tools/bin/../lib/gcc/arm-none-eabi/7.3.1/../../../../arm-none-eabi/lib/thumb/v7e-m/fpv4-sp/hard/libc_nano.a(lib_a-memset.o)
                0x000000000800a6e0                memset
 .text._free_r  0x000000000800a6f0       0x9c /Applications/STM32CubeIDE.app/Contents/Eclipse/plugins/com.st.stm32cube.ide.mcu.externaltools.gnu-tools-for-stm32.7-2018-q2-update.macos64_1.4.0.202007081208/tools/bin/../lib/gcc/arm-none-eabi/7.3.1/../../../../arm-none-eabi/lib/thumb/v7e-m/fpv4-sp/hard/libc_nano.a(lib_a-nano-freer.o)
                0x000000000800a6f0                _free_r
 .text._malloc_r
                0x000000000800a78c       0xb4 /Applications/STM32CubeIDE.app/Contents/Eclipse/plugins/com.st.stm32cube.ide.mcu.externaltools.gnu-tools-for-stm32.7-2018-q2-update.macos64_1.4.0.202007081208/tools/bin/../lib/gcc/arm-none-eabi/7.3.1/../../../../arm-none-eabi/lib/thumb/v7e-m/fpv4-sp/hard/libc_nano.a(lib_a-nano-mallocr.o)
                0x000000000800a78c                _malloc_r
 .text._sbrk_r  0x000000000800a840       0x20 /Applications/STM32CubeIDE.app/Contents/Eclipse/plugins/com.st.stm32cube.ide.mcu.externaltools.gnu-tools-for-stm32.7-2018-q2-update.macos64_1.4.0.202007081208/tools/bin/../lib/gcc/arm-none-eabi/7.3.1/../../../../arm-none-eabi/lib/thumb/v7e-m/fpv4-sp/hard/libc_nano.a(lib_a-sbrkr.o)
                0x000000000800a840                _sbrk_r
 .text.snprintf
                0x000000000800a860       0x68 /Applications/STM32CubeIDE.app/Contents/Eclipse/plugins/com.st.stm32cube.ide.mcu.externaltools.gnu-tools-for-stm32.7-2018-q2-update.macos64_1.4.0.202007081208/tools/bin/../lib/gcc/arm-none-eabi/7.3.1/../../../../arm-none-eabi/lib/thumb/v7e-m/fpv4-sp/hard/libc_nano.a(lib_a-snprintf.o)
                0x000000000800a860                snprintf
                0x000000000800a860                sniprintf
 .text._vsnprintf_r
                0x000000000800a8c8       0x58 /Applications/STM32CubeIDE.app/Contents/Eclipse/plugins/com.st.stm32cube.ide.mcu.externaltools.gnu-tools-for-stm32.7-2018-q2-update.macos64_1.4.0.202007081208/tools/bin/../lib/gcc/arm-none-eabi/7.3.1/../../../../arm-none-eabi/lib/thumb/v7e-m/fpv4-sp/hard/libc_nano.a(lib_a-vsnprintf.o)
                0x000000000800a8c8                _vsnprintf_r
                0x000000000800a8c8                _vsniprintf_r
 .text.vsnprintf
                0x000000000800a920       0x1c /Applications/STM32CubeIDE.app/Contents/Eclipse/plugins/com.st.stm32cube.ide.mcu.externaltools.gnu-tools-for-stm32.7-2018-q2-update.macos64_1.4.0.202007081208/tools/bin/../lib/gcc/arm-none-eabi/7.3.1/../../../../arm-none-eabi/lib/thumb/v7e-m/fpv4-sp/hard/libc_nano.a(lib_a-vsnprintf.o)
                0x000000000800a920                vsnprintf
                0x000000000800a920                vsniprintf
 .text.__ascii_wctomb
                0x000000000800a93c       0x1a /Applications/STM32CubeIDE.app/Contents/Eclipse/plugins/com.st.stm32cube.ide.mcu.externaltools.gnu-tools-for-stm32.7-2018-q2-update.macos64_1.4.0.202007081208/tools/bin/../lib/gcc/arm-none-eabi/7.3.1/../../../../arm-none-eabi/lib/thumb/v7e-m/fpv4-sp/hard/libc_nano.a(lib_a-wctomb_r.o)
                0x000000000800a93c                __ascii_wctomb
 .text.__malloc_lock
                0x000000000800a956        0x2 /Applications/STM32CubeIDE.app/Contents/Eclipse/plugins/com.st.stm32cube.ide.mcu.externaltools.gnu-tools-for-stm32.7-2018-q2-update.macos64_1.4.0.202007081208/tools/bin/../lib/gcc/arm-none-eabi/7.3.1/../../../../arm-none-eabi/lib/thumb/v7e-m/fpv4-sp/hard/libc_nano.a(lib_a-mlock.o)
                0x000000000800a956                __malloc_lock
 .text.__malloc_unlock
                0x000000000800a958        0x2 /Applications/STM32CubeIDE.app/Contents/Eclipse/plugins/com.st.stm32cube.ide.mcu.externaltools.gnu-tools-for-stm32.7-2018-q2-update.macos64_1.4.0.202007081208/tools/bin/../lib/gcc/arm-none-eabi/7.3.1/../../../../arm-none-eabi/lib/thumb/v7e-m/fpv4-sp/hard/libc_nano.a(lib_a-mlock.o)
                0x000000000800a958                __malloc_unlock
 .text.__ssputs_r
                0x000000000800a95a       0xb4 /Applications/STM32CubeIDE.app/Contents/Eclipse/plugins/com.st.stm32cube.ide.mcu.externaltools.gnu-tools-for-stm32.7-2018-q2-update.macos64_1.4.0.202007081208/tools/bin/../lib/gcc/arm-none-eabi/7.3.1/../../../../arm-none-eabi/lib/thumb/v7e-m/fpv4-sp/hard/libc_nano.a(lib_a-nano-svfprintf.o)
                0x000000000800a95a                __ssputs_r
 *fill*         0x000000000800aa0e        0x2 
 .text._svfprintf_r
                0x000000000800aa10      0x1f0 /Applications/STM32CubeIDE.app/Contents/Eclipse/plugins/com.st.stm32cube.ide.mcu.externaltools.gnu-tools-for-stm32.7-2018-q2-update.macos64_1.4.0.202007081208/tools/bin/../lib/gcc/arm-none-eabi/7.3.1/../../../../arm-none-eabi/lib/thumb/v7e-m/fpv4-sp/hard/libc_nano.a(lib_a-nano-svfprintf.o)
                0x000000000800aa10                _svfprintf_r
                0x000000000800aa10                _svfiprintf_r
 .text._printf_common
                0x000000000800ac00       0xea /Applications/STM32CubeIDE.app/Contents/Eclipse/plugins/com.st.stm32cube.ide.mcu.externaltools.gnu-tools-for-stm32.7-2018-q2-update.macos64_1.4.0.202007081208/tools/bin/../lib/gcc/arm-none-eabi/7.3.1/../../../../arm-none-eabi/lib/thumb/v7e-m/fpv4-sp/hard/libc_nano.a(lib_a-nano-vfprintf_i.o)
                0x000000000800ac00                _printf_common
 *fill*         0x000000000800acea        0x2 
 .text._printf_i
                0x000000000800acec      0x224 /Applications/STM32CubeIDE.app/Contents/Eclipse/plugins/com.st.stm32cube.ide.mcu.externaltools.gnu-tools-for-stm32.7-2018-q2-update.macos64_1.4.0.202007081208/tools/bin/../lib/gcc/arm-none-eabi/7.3.1/../../../../arm-none-eabi/lib/thumb/v7e-m/fpv4-sp/hard/libc_nano.a(lib_a-nano-vfprintf_i.o)
                0x000000000800acec                _printf_i
 .text.memcpy   0x000000000800af10       0x16 /Applications/STM32CubeIDE.app/Contents/Eclipse/plugins/com.st.stm32cube.ide.mcu.externaltools.gnu-tools-for-stm32.7-2018-q2-update.macos64_1.4.0.202007081208/tools/bin/../lib/gcc/arm-none-eabi/7.3.1/../../../../arm-none-eabi/lib/thumb/v7e-m/fpv4-sp/hard/libc_nano.a(lib_a-memcpy-stub.o)
                0x000000000800af10                memcpy
 .text.memmove  0x000000000800af26       0x32 /Applications/STM32CubeIDE.app/Contents/Eclipse/plugins/com.st.stm32cube.ide.mcu.externaltools.gnu-tools-for-stm32.7-2018-q2-update.macos64_1.4.0.202007081208/tools/bin/../lib/gcc/arm-none-eabi/7.3.1/../../../../arm-none-eabi/lib/thumb/v7e-m/fpv4-sp/hard/libc_nano.a(lib_a-memmove.o)
                0x000000000800af26                memmove
 .text._realloc_r
                0x000000000800af58       0x4c /Applications/STM32CubeIDE.app/Contents/Eclipse/plugins/com.st.stm32cube.ide.mcu.externaltools.gnu-tools-for-stm32.7-2018-q2-update.macos64_1.4.0.202007081208/tools/bin/../lib/gcc/arm-none-eabi/7.3.1/../../../../arm-none-eabi/lib/thumb/v7e-m/fpv4-sp/hard/libc_nano.a(lib_a-nano-reallocr.o)
                0x000000000800af58                _realloc_r
 .text._malloc_usable_size_r
                0x000000000800afa4       0x10 /Applications/STM32CubeIDE.app/Contents/Eclipse/plugins/com.st.stm32cube.ide.mcu.externaltools.gnu-tools-for-stm32.7-2018-q2-update.macos64_1.4.0.202007081208/tools/bin/../lib/gcc/arm-none-eabi/7.3.1/../../../../arm-none-eabi/lib/thumb/v7e-m/fpv4-sp/hard/libc_nano.a(lib_a-nano-msizer.o)
                0x000000000800afa4                _malloc_usable_size_r
 .text.log10    0x000000000800afb4      0x100 /Applications/STM32CubeIDE.app/Contents/Eclipse/plugins/com.st.stm32cube.ide.mcu.externaltools.gnu-tools-for-stm32.7-2018-q2-update.macos64_1.4.0.202007081208/tools/bin/../lib/gcc/arm-none-eabi/7.3.1/../../../../arm-none-eabi/lib/thumb/v7e-m/fpv4-sp/hard/libm.a(lib_a-w_log10.o)
                0x000000000800afb4                log10
 .text.sqrtf    0x000000000800b0b4       0xa0 /Applications/STM32CubeIDE.app/Contents/Eclipse/plugins/com.st.stm32cube.ide.mcu.externaltools.gnu-tools-for-stm32.7-2018-q2-update.macos64_1.4.0.202007081208/tools/bin/../lib/gcc/arm-none-eabi/7.3.1/../../../../arm-none-eabi/lib/thumb/v7e-m/fpv4-sp/hard/libm.a(lib_a-wf_sqrt.o)
                0x000000000800b0b4                sqrtf
 *fill*         0x000000000800b154        0x4 
 .text.__ieee754_log10
                0x000000000800b158      0x114 /Applications/STM32CubeIDE.app/Contents/Eclipse/plugins/com.st.stm32cube.ide.mcu.externaltools.gnu-tools-for-stm32.7-2018-q2-update.macos64_1.4.0.202007081208/tools/bin/../lib/gcc/arm-none-eabi/7.3.1/../../../../arm-none-eabi/lib/thumb/v7e-m/fpv4-sp/hard/libm.a(lib_a-e_log10.o)
                0x000000000800b158                __ieee754_log10
 .text.__ieee754_sqrtf
                0x000000000800b26c        0x6 /Applications/STM32CubeIDE.app/Contents/Eclipse/plugins/com.st.stm32cube.ide.mcu.externaltools.gnu-tools-for-stm32.7-2018-q2-update.macos64_1.4.0.202007081208/tools/bin/../lib/gcc/arm-none-eabi/7.3.1/../../../../arm-none-eabi/lib/thumb/v7e-m/fpv4-sp/hard/libm.a(lib_a-ef_sqrt.o)
                0x000000000800b26c                __ieee754_sqrtf
 .text.matherr  0x000000000800b272        0x4 /Applications/STM32CubeIDE.app/Contents/Eclipse/plugins/com.st.stm32cube.ide.mcu.externaltools.gnu-tools-for-stm32.7-2018-q2-update.macos64_1.4.0.202007081208/tools/bin/../lib/gcc/arm-none-eabi/7.3.1/../../../../arm-none-eabi/lib/thumb/v7e-m/fpv4-sp/hard/libm.a(lib_a-s_matherr.o)
                0x000000000800b272                matherr
 *fill*         0x000000000800b276        0x2 
 .text.nan      0x000000000800b278       0x10 /Applications/STM32CubeIDE.app/Contents/Eclipse/plugins/com.st.stm32cube.ide.mcu.externaltools.gnu-tools-for-stm32.7-2018-q2-update.macos64_1.4.0.202007081208/tools/bin/../lib/gcc/arm-none-eabi/7.3.1/../../../../arm-none-eabi/lib/thumb/v7e-m/fpv4-sp/hard/libm.a(lib_a-s_nan.o)
                0x000000000800b278                nan
 .text.__ieee754_log
                0x000000000800b288      0x364 /Applications/STM32CubeIDE.app/Contents/Eclipse/plugins/com.st.stm32cube.ide.mcu.externaltools.gnu-tools-for-stm32.7-2018-q2-update.macos64_1.4.0.202007081208/tools/bin/../lib/gcc/arm-none-eabi/7.3.1/../../../../arm-none-eabi/lib/thumb/v7e-m/fpv4-sp/hard/libm.a(lib_a-e_log.o)
                0x000000000800b288                __ieee754_log
 *(.glue_7)
 .glue_7        0x000000000800b5ec        0x0 linker stubs
 *(.glue_7t)
 .glue_7t       0x000000000800b5ec        0x0 linker stubs
 *(.eh_frame)
 .eh_frame      0x000000000800b5ec        0x0 /Applications/STM32CubeIDE.app/Contents/Eclipse/plugins/com.st.stm32cube.ide.mcu.externaltools.gnu-tools-for-stm32.7-2018-q2-update.macos64_1.4.0.202007081208/tools/bin/../lib/gcc/arm-none-eabi/7.3.1/thumb/v7e-m/fpv4-sp/hard/crtbegin.o
 *(.init)
 .init          0x000000000800b5ec        0x4 /Applications/STM32CubeIDE.app/Contents/Eclipse/plugins/com.st.stm32cube.ide.mcu.externaltools.gnu-tools-for-stm32.7-2018-q2-update.macos64_1.4.0.202007081208/tools/bin/../lib/gcc/arm-none-eabi/7.3.1/thumb/v7e-m/fpv4-sp/hard/crti.o
                0x000000000800b5ec                _init
 .init          0x000000000800b5f0        0x8 /Applications/STM32CubeIDE.app/Contents/Eclipse/plugins/com.st.stm32cube.ide.mcu.externaltools.gnu-tools-for-stm32.7-2018-q2-update.macos64_1.4.0.202007081208/tools/bin/../lib/gcc/arm-none-eabi/7.3.1/thumb/v7e-m/fpv4-sp/hard/crtn.o
 *(.fini)
 .fini          0x000000000800b5f8        0x4 /Applications/STM32CubeIDE.app/Contents/Eclipse/plugins/com.st.stm32cube.ide.mcu.externaltools.gnu-tools-for-stm32.7-2018-q2-update.macos64_1.4.0.202007081208/tools/bin/../lib/gcc/arm-none-eabi/7.3.1/thumb/v7e-m/fpv4-sp/hard/crti.o
                0x000000000800b5f8                _fini
 .fini          0x000000000800b5fc        0x8 /Applications/STM32CubeIDE.app/Contents/Eclipse/plugins/com.st.stm32cube.ide.mcu.externaltools.gnu-tools-for-stm32.7-2018-q2-update.macos64_1.4.0.202007081208/tools/bin/../lib/gcc/arm-none-eabi/7.3.1/thumb/v7e-m/fpv4-sp/hard/crtn.o
                0x000000000800b604                . = ALIGN (0x4)
                0x000000000800b604                _etext = .

.vfp11_veneer   0x000000000800b604        0x0
 .vfp11_veneer  0x000000000800b604        0x0 linker stubs

.v4_bx          0x000000000800b604        0x0
 .v4_bx         0x000000000800b604        0x0 linker stubs

.iplt           0x000000000800b604        0x0
 .iplt          0x000000000800b604        0x0 /Applications/STM32CubeIDE.app/Contents/Eclipse/plugins/com.st.stm32cube.ide.mcu.externaltools.gnu-tools-for-stm32.7-2018-q2-update.macos64_1.4.0.202007081208/tools/bin/../lib/gcc/arm-none-eabi/7.3.1/thumb/v7e-m/fpv4-sp/hard/crtbegin.o

.rodata         0x000000000800b604     0x230c
                0x000000000800b604                . = ALIGN (0x4)
 *(.rodata)
 .rodata        0x000000000800b604       0x2c Core/Src/main.o
 *(.rodata*)
 .rodata.send_signal.str1.1
                0x000000000800b630        0x9 Core/Src/debug.o
 .rodata.main.str1.1
                0x000000000800b639       0xad Core/Src/main.o
 .rodata.write_array.str1.1
                0x000000000800b6e6        0x5 Core/Src/main.o
                                          0x7 (size before relaxing)
 .rodata.println.str1.1
                0x000000000800b6eb        0x4 Core/Src/screen.o
 .rodata.AHBPrescTable
                0x000000000800b6ef       0x10 Core/Src/system_stm32f4xx.o
                0x000000000800b6ef                AHBPrescTable
 .rodata.APBPrescTable
                0x000000000800b6ff        0x8 Core/Src/system_stm32f4xx.o
                0x000000000800b6ff                APBPrescTable
 .rodata.HAL_ADC_Init.str1.1
                0x000000000800b707       0x38 Drivers/STM32F4xx_HAL_Driver/Src/stm32f4xx_hal_adc.o
 .rodata.HAL_NVIC_SetPriorityGrouping.str1.1
                0x000000000800b73f       0x3b Drivers/STM32F4xx_HAL_Driver/Src/stm32f4xx_hal_cortex.o
 .rodata.HAL_DMA_Init.str1.1
                0x000000000800b77a       0x38 Drivers/STM32F4xx_HAL_Driver/Src/stm32f4xx_hal_dma.o
 .rodata.flagBitshiftOffset.9008
                0x000000000800b7b2        0x8 Drivers/STM32F4xx_HAL_Driver/Src/stm32f4xx_hal_dma.o
 .rodata.HAL_GPIO_Init.str1.1
                0x000000000800b7ba       0x39 Drivers/STM32F4xx_HAL_Driver/Src/stm32f4xx_hal_gpio.o
 .rodata.HAL_HCD_Init.str1.1
                0x000000000800b7f3       0x38 Drivers/STM32F4xx_HAL_Driver/Src/stm32f4xx_hal_hcd.o
 .rodata.HAL_I2C_Init.str1.1
                0x000000000800b82b       0x38 Drivers/STM32F4xx_HAL_Driver/Src/stm32f4xx_hal_i2c.o
 .rodata.HAL_RCC_OscConfig.str1.1
                0x000000000800b863       0x38 Drivers/STM32F4xx_HAL_Driver/Src/stm32f4xx_hal_rcc.o
 .rodata.HAL_RCCEx_PeriphCLKConfig.str1.1
                0x000000000800b89b       0x3b Drivers/STM32F4xx_HAL_Driver/Src/stm32f4xx_hal_rcc_ex.o
 .rodata.HAL_RTC_DeactivateAlarm.str1.1
                0x000000000800b8d6       0x38 Drivers/STM32F4xx_HAL_Driver/Src/stm32f4xx_hal_rtc.o
 .rodata.HAL_SPI_Init.str1.1
                0x000000000800b90e       0x38 Drivers/STM32F4xx_HAL_Driver/Src/stm32f4xx_hal_spi.o
 .rodata.TIM_OC1_SetConfig.str1.1
                0x000000000800b946       0x38 Drivers/STM32F4xx_HAL_Driver/Src/stm32f4xx_hal_tim.o
 .rodata.HAL_TIMEx_HallSensor_Init.str1.1
                0x000000000800b97e       0x3b Drivers/STM32F4xx_HAL_Driver/Src/stm32f4xx_hal_tim_ex.o
 *fill*         0x000000000800b9b9        0x3 
 .rodata.USBH_Driver
                0x000000000800b9bc       0x14 FATFS/Target/usbh_diskio.o
                0x000000000800b9bc                USBH_Driver
 .rodata.base_font
                0x000000000800b9d0      0x600 LCD5110/Src/lcd5110.o
 .rodata.lcd5110_def_scr
                0x000000000800bfd0        0xe LCD5110/Src/lcd5110.o
                0x000000000800bfd0                lcd5110_def_scr
 .rodata.str1.1
                0x000000000800bfde        0x4 Middlewares/ST/STM32_USB_Host_Library/Class/MSC/Src/usbh_msc.o
 .rodata.ExCvt  0x000000000800bfe2       0x80 Middlewares/Third_Party/FatFs/src/ff.o
 .rodata.LfnOfs
                0x000000000800c062        0xd Middlewares/Third_Party/FatFs/src/ff.o
 .rodata.follow_path.str1.1
                0x000000000800c06f       0x10 Middlewares/Third_Party/FatFs/src/ff.o
 *fill*         0x000000000800c07f        0x1 
 .rodata.Tbl    0x000000000800c080      0x100 Middlewares/Third_Party/FatFs/src/option/ccsbcs.o
 .rodata.cvt1.11327
                0x000000000800c180      0x1f2 Middlewares/Third_Party/FatFs/src/option/ccsbcs.o
 .rodata.cvt2.11328
                0x000000000800c372       0xbc Middlewares/Third_Party/FatFs/src/option/ccsbcs.o
 .rodata.CSWTCH.12
                0x000000000800c42e        0x3 USB_HOST/Target/usbh_conf.o
 .rodata.CSWTCH.20
                0x000000000800c431        0x4 USB_HOST/Target/usbh_conf.o
 *fill*         0x000000000800c435        0x3 
 .rodata.arm_cfft_sR_f32_len512
                0x000000000800c438       0x10 /Users/mprotsyk/UCU/POC/project_new/Bat_Detector_407/libs/libarm_cortexM4lf_math.a(arm_const_structs.o)
                0x000000000800c438                arm_cfft_sR_f32_len512
 .rodata.twiddleCoef_512
                0x000000000800c448     0x1000 /Users/mprotsyk/UCU/POC/project_new/Bat_Detector_407/libs/libarm_cortexM4lf_math.a(arm_common_tables.o)
                0x000000000800c448                twiddleCoef_512
 .rodata.armBitRevIndexTable512
                0x000000000800d448      0x380 /Users/mprotsyk/UCU/POC/project_new/Bat_Detector_407/libs/libarm_cortexM4lf_math.a(arm_common_tables.o)
                0x000000000800d448                armBitRevIndexTable512
 .rodata._setlocale_r.str1.1
                0x000000000800d7c8        0x6 /Applications/STM32CubeIDE.app/Contents/Eclipse/plugins/com.st.stm32cube.ide.mcu.externaltools.gnu-tools-for-stm32.7-2018-q2-update.macos64_1.4.0.202007081208/tools/bin/../lib/gcc/arm-none-eabi/7.3.1/../../../../arm-none-eabi/lib/thumb/v7e-m/fpv4-sp/hard/libc_nano.a(lib_a-locale.o)
                                          0x9 (size before relaxing)
 .rodata.str1.1
                0x000000000800d7ce        0x6 /Applications/STM32CubeIDE.app/Contents/Eclipse/plugins/com.st.stm32cube.ide.mcu.externaltools.gnu-tools-for-stm32.7-2018-q2-update.macos64_1.4.0.202007081208/tools/bin/../lib/gcc/arm-none-eabi/7.3.1/../../../../arm-none-eabi/lib/thumb/v7e-m/fpv4-sp/hard/libc_nano.a(lib_a-locale.o)
                                          0x2 (size before relaxing)
 .rodata._ctype_
                0x000000000800d7ce      0x101 /Applications/STM32CubeIDE.app/Contents/Eclipse/plugins/com.st.stm32cube.ide.mcu.externaltools.gnu-tools-for-stm32.7-2018-q2-update.macos64_1.4.0.202007081208/tools/bin/../lib/gcc/arm-none-eabi/7.3.1/../../../../arm-none-eabi/lib/thumb/v7e-m/fpv4-sp/hard/libc_nano.a(lib_a-ctype_.o)
                0x000000000800d7ce                _ctype_
 .rodata._svfprintf_r.str1.1
                0x000000000800d8cf       0x11 /Applications/STM32CubeIDE.app/Contents/Eclipse/plugins/com.st.stm32cube.ide.mcu.externaltools.gnu-tools-for-stm32.7-2018-q2-update.macos64_1.4.0.202007081208/tools/bin/../lib/gcc/arm-none-eabi/7.3.1/../../../../arm-none-eabi/lib/thumb/v7e-m/fpv4-sp/hard/libc_nano.a(lib_a-nano-svfprintf.o)
 .rodata._printf_i.str1.1
                0x000000000800d8e0       0x22 /Applications/STM32CubeIDE.app/Contents/Eclipse/plugins/com.st.stm32cube.ide.mcu.externaltools.gnu-tools-for-stm32.7-2018-q2-update.macos64_1.4.0.202007081208/tools/bin/../lib/gcc/arm-none-eabi/7.3.1/../../../../arm-none-eabi/lib/thumb/v7e-m/fpv4-sp/hard/libc_nano.a(lib_a-nano-vfprintf_i.o)
 .rodata.log10.str1.1
                0x000000000800d902        0x6 /Applications/STM32CubeIDE.app/Contents/Eclipse/plugins/com.st.stm32cube.ide.mcu.externaltools.gnu-tools-for-stm32.7-2018-q2-update.macos64_1.4.0.202007081208/tools/bin/../lib/gcc/arm-none-eabi/7.3.1/../../../../arm-none-eabi/lib/thumb/v7e-m/fpv4-sp/hard/libm.a(lib_a-w_log10.o)
                                          0x7 (size before relaxing)
 .rodata.sqrtf.str1.1
                0x000000000800d908        0x6 /Applications/STM32CubeIDE.app/Contents/Eclipse/plugins/com.st.stm32cube.ide.mcu.externaltools.gnu-tools-for-stm32.7-2018-q2-update.macos64_1.4.0.202007081208/tools/bin/../lib/gcc/arm-none-eabi/7.3.1/../../../../arm-none-eabi/lib/thumb/v7e-m/fpv4-sp/hard/libm.a(lib_a-wf_sqrt.o)
                0x000000000800d910                . = ALIGN (0x4)
 *fill*         0x000000000800d90e        0x2 

.ARM.extab      0x000000000800d910        0x0
                0x000000000800d910                . = ALIGN (0x4)
 *(.ARM.extab* .gnu.linkonce.armextab.*)
                0x000000000800d910                . = ALIGN (0x4)

.ARM            0x000000000800d910        0x8
                0x000000000800d910                . = ALIGN (0x4)
                0x000000000800d910                __exidx_start = .
 *(.ARM.exidx*)
 .ARM.exidx     0x000000000800d910        0x8 /Applications/STM32CubeIDE.app/Contents/Eclipse/plugins/com.st.stm32cube.ide.mcu.externaltools.gnu-tools-for-stm32.7-2018-q2-update.macos64_1.4.0.202007081208/tools/bin/../lib/gcc/arm-none-eabi/7.3.1/thumb/v7e-m/fpv4-sp/hard/libgcc.a(_udivmoddi4.o)
                0x000000000800d918                __exidx_end = .
                0x000000000800d918                . = ALIGN (0x4)
